Component: ARM Compiler 6.14 Tool: armlink [5db06800]

==============================================================================

Section Cross References

    startup_stm32f103xb.o(STACK) refers (Special) to heapauxi.o(.text) for __use_two_region_memory
    startup_stm32f103xb.o(HEAP) refers (Special) to heapauxi.o(.text) for __use_two_region_memory
    startup_stm32f103xb.o(RESET) refers (Special) to heapauxi.o(.text) for __use_two_region_memory
    startup_stm32f103xb.o(RESET) refers to startup_stm32f103xb.o(STACK) for __initial_sp
    startup_stm32f103xb.o(RESET) refers to startup_stm32f103xb.o(.text) for Reset_Handler
    startup_stm32f103xb.o(RESET) refers to stm32f1xx_it.o(.text.NMI_Handler) for NMI_Handler
    startup_stm32f103xb.o(RESET) refers to stm32f1xx_it.o(.text.HardFault_Handler) for HardFault_Handler
    startup_stm32f103xb.o(RESET) refers to stm32f1xx_it.o(.text.MemManage_Handler) for MemManage_Handler
    startup_stm32f103xb.o(RESET) refers to stm32f1xx_it.o(.text.BusFault_Handler) for BusFault_Handler
    startup_stm32f103xb.o(RESET) refers to stm32f1xx_it.o(.text.UsageFault_Handler) for UsageFault_Handler
    startup_stm32f103xb.o(RESET) refers to stm32f1xx_it.o(.text.SVC_Handler) for SVC_Handler
    startup_stm32f103xb.o(RESET) refers to stm32f1xx_it.o(.text.DebugMon_Handler) for DebugMon_Handler
    startup_stm32f103xb.o(RESET) refers to stm32f1xx_it.o(.text.PendSV_Handler) for PendSV_Handler
    startup_stm32f103xb.o(RESET) refers to stm32f1xx_it.o(.text.SysTick_Handler) for SysTick_Handler
    startup_stm32f103xb.o(RESET) refers to main.o(.text.USART1_IRQHandler) for USART1_IRQHandler
    startup_stm32f103xb.o(.text) refers (Special) to heapauxi.o(.text) for __use_two_region_memory
    startup_stm32f103xb.o(.text) refers to system_stm32f1xx.o(.text.SystemInit) for SystemInit
    startup_stm32f103xb.o(.text) refers to __main.o(!!!main) for __main
    startup_stm32f103xb.o(.text) refers to startup_stm32f103xb.o(HEAP) for Heap_Mem
    startup_stm32f103xb.o(.text) refers to startup_stm32f103xb.o(STACK) for Stack_Mem
    dhcp.o(.text.default_ip_assign) refers to dhcp.o(.bss..L_MergedGlobals.1) for .L_MergedGlobals.1
    dhcp.o(.text.default_ip_assign) refers to w5500.o(.text.WIZCHIP_WRITE_BUF) for WIZCHIP_WRITE_BUF
    dhcp.o(.ARM.exidx.text.default_ip_assign) refers to dhcp.o(.text.default_ip_assign) for [Anonymous Symbol]
    dhcp.o(.text.default_ip_update) refers to w5500.o(.text.WIZCHIP_WRITE) for WIZCHIP_WRITE
    dhcp.o(.text.default_ip_update) refers to w5500.o(.text.WIZCHIP_READ) for WIZCHIP_READ
    dhcp.o(.text.default_ip_update) refers to dhcp.o(.bss..L_MergedGlobals.1) for .L_MergedGlobals.1
    dhcp.o(.text.default_ip_update) refers to w5500.o(.text.WIZCHIP_WRITE_BUF) for WIZCHIP_WRITE_BUF
    dhcp.o(.ARM.exidx.text.default_ip_update) refers to dhcp.o(.text.default_ip_update) for [Anonymous Symbol]
    dhcp.o(.text.default_ip_conflict) refers to w5500.o(.text.WIZCHIP_WRITE) for WIZCHIP_WRITE
    dhcp.o(.text.default_ip_conflict) refers to w5500.o(.text.WIZCHIP_READ) for WIZCHIP_READ
    dhcp.o(.text.default_ip_conflict) refers to dhcp.o(.bss..L_MergedGlobals.1) for .L_MergedGlobals.1
    dhcp.o(.text.default_ip_conflict) refers to w5500.o(.text.WIZCHIP_WRITE_BUF) for WIZCHIP_WRITE_BUF
    dhcp.o(.ARM.exidx.text.default_ip_conflict) refers to dhcp.o(.text.default_ip_conflict) for [Anonymous Symbol]
    dhcp.o(.text.reg_dhcp_cbfunc) refers to dhcp.o(.data..L_MergedGlobals) for .L_MergedGlobals
    dhcp.o(.text.reg_dhcp_cbfunc) refers to dhcp.o(.text.default_ip_assign) for default_ip_assign
    dhcp.o(.text.reg_dhcp_cbfunc) refers to dhcp.o(.text.default_ip_update) for default_ip_update
    dhcp.o(.text.reg_dhcp_cbfunc) refers to dhcp.o(.text.default_ip_conflict) for default_ip_conflict
    dhcp.o(.ARM.exidx.text.reg_dhcp_cbfunc) refers to dhcp.o(.text.reg_dhcp_cbfunc) for [Anonymous Symbol]
    dhcp.o(.text.makeDHCPMSG) refers to w5500.o(.text.WIZCHIP_READ_BUF) for WIZCHIP_READ_BUF
    dhcp.o(.text.makeDHCPMSG) refers to dhcp.o(.bss..L_MergedGlobals.1) for .L_MergedGlobals.1
    dhcp.o(.text.makeDHCPMSG) refers to rt_memclr.o(.text) for __aeabi_memclr
    dhcp.o(.ARM.exidx.text.makeDHCPMSG) refers to dhcp.o(.text.makeDHCPMSG) for [Anonymous Symbol]
    dhcp.o(.text.send_DHCP_DISCOVER) refers to dhcp.o(.text.makeDHCPMSG) for makeDHCPMSG
    dhcp.o(.text.send_DHCP_DISCOVER) refers to dhcp.o(.bss..L_MergedGlobals.1) for .L_MergedGlobals.1
    dhcp.o(.text.send_DHCP_DISCOVER) refers to dhcp.o(.data.HOST_NAME) for HOST_NAME
    dhcp.o(.text.send_DHCP_DISCOVER) refers to socket.o(.text.sendto_W5x00) for sendto_W5x00
    dhcp.o(.ARM.exidx.text.send_DHCP_DISCOVER) refers to dhcp.o(.text.send_DHCP_DISCOVER) for [Anonymous Symbol]
    dhcp.o(.ARM.exidx.text.NibbleToHex) refers to dhcp.o(.text.NibbleToHex) for [Anonymous Symbol]
    dhcp.o(.text.send_DHCP_REQUEST) refers to dhcp.o(.text.makeDHCPMSG) for makeDHCPMSG
[...]
    ../fplib/fpinit.s                        0x00000000   Number         0  fpinit.o ABSOLUTE
    ../fplib/fpinit_empty.s                  0x00000000   Number         0  fpinit_empty.o ABSOLUTE
    ../fplib/fretinf.s                       0x00000000   Number         0  fretinf.o ABSOLUTE
    ../fplib/frnd.s                          0x00000000   Number         0  frnd.o ABSOLUTE
    ../fplib/usenofp.s                       0x00000000   Number         0  usenofp.o ABSOLUTE
    ../mathlib/round.c                       0x00000000   Number         0  roundf.o ABSOLUTE
    MQTTClient.c                             0x00000000   Number         0  mqttclient.o ABSOLUTE
    MQTTConnectClient.c                      0x00000000   Number         0  mqttconnectclient.o ABSOLUTE
    MQTTDeserializePublish.c                 0x00000000   Number         0  mqttdeserializepublish.o ABSOLUTE
    MQTTPacket.c                             0x00000000   Number         0  mqttpacket.o ABSOLUTE
    MQTTSerializePublish.c                   0x00000000   Number         0  mqttserializepublish.o ABSOLUTE
    MQTTSubscribeClient.c                    0x00000000   Number         0  mqttsubscribeclient.o ABSOLUTE
    MQTTUnsubscribeClient.c                  0x00000000   Number         0  mqttunsubscribeclient.o ABSOLUTE
    dc.s                                     0x00000000   Number         0  dc.o ABSOLUTE
    dhcp.c                                   0x00000000   Number         0  dhcp.o ABSOLUTE
    dns.c                                    0x00000000   Number         0  dns.o ABSOLUTE
    httpParser.c                             0x00000000   Number         0  httpparser.o ABSOLUTE
    httpServer.c                             0x00000000   Number         0  httpserver.o ABSOLUTE
    httpUtil.c                               0x00000000   Number         0  httputil.o ABSOLUTE
    main.c                                   0x00000000   Number         0  main.o ABSOLUTE
    mqtt_interface.c                         0x00000000   Number         0  mqtt_interface.o ABSOLUTE
    socket.c                                 0x00000000   Number         0  socket.o ABSOLUTE
    startup_stm32f103xb.s                    0x00000000   Number         0  startup_stm32f103xb.o ABSOLUTE
    stm32f1xx_hal.c                          0x00000000   Number         0  stm32f1xx_hal.o ABSOLUTE
    stm32f1xx_hal_cortex.c                   0x00000000   Number         0  stm32f1xx_hal_cortex.o ABSOLUTE
    stm32f1xx_hal_dma.c                      0x00000000   Number         0  stm32f1xx_hal_dma.o ABSOLUTE
    stm32f1xx_hal_exti.c                     0x00000000   Number         0  stm32f1xx_hal_exti.o ABSOLUTE
    stm32f1xx_hal_flash.c                    0x00000000   Number         0  stm32f1xx_hal_flash.o ABSOLUTE
    stm32f1xx_hal_flash_ex.c                 0x00000000   Number         0  stm32f1xx_hal_flash_ex.o ABSOLUTE
    stm32f1xx_hal_gpio.c                     0x00000000   Number         0  stm32f1xx_hal_gpio.o ABSOLUTE
    stm32f1xx_hal_gpio_ex.c                  0x00000000   Number         0  stm32f1xx_hal_gpio_ex.o ABSOLUTE
    stm32f1xx_hal_iwdg.c                     0x00000000   Number         0  stm32f1xx_hal_iwdg.o ABSOLUTE
    stm32f1xx_hal_msp.c                      0x00000000   Number         0  stm32f1xx_hal_msp.o ABSOLUTE
    stm32f1xx_hal_pwr.c                      0x00000000   Number         0  stm32f1xx_hal_pwr.o ABSOLUTE
    stm32f1xx_hal_rcc.c                      0x00000000   Number         0  stm32f1xx_hal_rcc.o ABSOLUTE
    stm32f1xx_hal_rcc_ex.c                   0x00000000   Number         0  stm32f1xx_hal_rcc_ex.o ABSOLUTE
    stm32f1xx_hal_spi.c                      0x00000000   Number         0  stm32f1xx_hal_spi.o ABSOLUTE
    stm32f1xx_it.c                           0x00000000   Number         0  stm32f1xx_it.o ABSOLUTE
    system_stm32f1xx.c                       0x00000000   Number         0  system_stm32f1xx.o ABSOLUTE
    w5500.c                                  0x00000000   Number         0  w5500.o ABSOLUTE
    wizchip_conf.c                           0x00000000   Number         0  wizchip_conf.o ABSOLUTE
    RESET                                    0x08000000   Section      236  startup_stm32f103xb.o(RESET)
    !!!main                                  0x080000ec   Section        8  __main.o(!!!main)
    !!!scatter                               0x080000f4   Section       52  __scatter.o(!!!scatter)
    !!handler_copy                           0x08000128   Section       26  __scatter_copy.o(!!handler_copy)
    !!handler_zi                             0x08000144   Section       28  __scatter_zi.o(!!handler_zi)
    .ARM.Collect$$_printf_percent$$00000000  0x08000160   Section        0  _printf_percent.o(.ARM.Collect$$_printf_percent$$00000000)
    .ARM.Collect$$_printf_percent$$00000009  0x08000160   Section        6  _printf_d.o(.ARM.Collect$$_printf_percent$$00000009)
    .ARM.Collect$$_printf_percent$$00000017  0x08000166   Section        4  _printf_percent_end.o(.ARM.Collect$$_printf_percent$$00000017)
    .ARM.Collect$$libinit$$00000000          0x0800016a   Section        2  libinit.o(.ARM.Collect$$libinit$$00000000)
    .ARM.Collect$$libinit$$00000002          0x0800016c   Section        0  libinit2.o(.ARM.Collect$$libinit$$00000002)
    .ARM.Collect$$libinit$$00000004          0x0800016c   Section        0  libinit2.o(.ARM.Collect$$libinit$$00000004)
    .ARM.Collect$$libinit$$0000000A          0x0800016c   Section        0  libinit2.o(.ARM.Collect$$libinit$$0000000A)
    .ARM.Collect$$libinit$$0000000C          0x0800016c   Section        0  libinit2.o(.ARM.Collect$$libinit$$0000000C)
    .ARM.Collect$$libinit$$0000000E          0x0800016c   Section        0  libinit2.o(.ARM.Collect$$libinit$$0000000E)
    .ARM.Collect$$libinit$$00000011          0x0800016c   Section        0  libinit2.o(.ARM.Collect$$libinit$$00000011)
    .ARM.Collect$$libinit$$00000013          0x0800016c   Section        0  libinit2.o(.ARM.Collect$$libinit$$00000013)
    .ARM.Collect$$libinit$$00000015          0x0800016c   Section        0  libinit2.o(.ARM.Collect$$libinit$$00000015)
    .ARM.Collect$$libinit$$00000017          0x0800016c   Section        0  libinit2.o(.ARM.Collect$$libinit$$00000017)
    .ARM.Collect$$libinit$$00000019          0x0800016c   Section        0  libinit2.o(.ARM.Collect$$libinit$$00000019)
    .ARM.Collect$$libinit$$0000001B          0x0800016c   Section        0  libinit2.o(.ARM.Collect$$libinit$$0000001B)
    .ARM.Collect$$libinit$$0000001D          0x0800016c   Section        0  libinit2.o(.ARM.Collect$$libinit$$0000001D)
    .ARM.Collect$$libinit$$0000001F          0x0800016c   Section        0  libinit2.o(.ARM.Collect$$libinit$$0000001F)
    .ARM.Collect$$libinit$$00000021          0x0800016c   Section        0  libinit2.o(.ARM.Collect$$libinit$$00000021)
    .ARM.Collect$$libinit$$00000023          0x0800016c   Section        0  libinit2.o(.ARM.Collect$$libinit$$00000023)
    .ARM.Collect$$libinit$$00000025          0x0800016c   Section        0  libinit2.o(.ARM.Collect$$libinit$$00000025)
    .ARM.Collect$$libinit$$0000002C          0x0800016c   Section        0  libinit2.o(.ARM.Collect$$libinit$$0000002C)
    .ARM.Collect$$libinit$$0000002E          0x0800016c   Section        0  libinit2.o(.ARM.Collect$$libinit$$0000002E)
    .ARM.Collect$$libinit$$00000030          0x0800016c   Section        0  libinit2.o(.ARM.Collect$$libinit$$00000030)
    .ARM.Collect$$libinit$$00000032          0x0800016c   Section        0  libinit2.o(.ARM.Collect$$libinit$$00000032)
    .ARM.Collect$$libinit$$00000033          0x0800016c   Section        2  libinit2.o(.ARM.Collect$$libinit$$00000033)
    .ARM.Collect$$libshutdown$$00000000      0x0800016e   Section        2  libshutdown.o(.ARM.Collect$$libshutdown$$00000000)
    .ARM.Collect$$libshutdown$$00000002      0x08000170   Section        0  libshutdown2.o(.ARM.Collect$$libshutdown$$00000002)
    .ARM.Collect$$libshutdown$$00000004      0x08000170   Section        0  libshutdown2.o(.ARM.Collect$$libshutdown$$00000004)
    .ARM.Collect$$libshutdown$$00000007      0x08000170   Section        0  libshutdown2.o(.ARM.Collect$$libshutdown$$00000007)
    .ARM.Collect$$libshutdown$$0000000A      0x08000170   Section        0  libshutdown2.o(.ARM.Collect$$libshutdown$$0000000A)
    .ARM.Collect$$libshutdown$$0000000C      0x08000170   Section        0  libshutdown2.o(.ARM.Collect$$libshutdown$$0000000C)
    .ARM.Collect$$libshutdown$$0000000F      0x08000170   Section        0  libshutdown2.o(.ARM.Collect$$libshutdown$$0000000F)
    .ARM.Collect$$libshutdown$$00000010      0x08000170   Section        2  libshutdown2.o(.ARM.Collect$$libshutdown$$00000010)
    .ARM.Collect$$rtentry$$00000000          0x08000172   Section        0  __rtentry.o(.ARM.Collect$$rtentry$$00000000)
    .ARM.Collect$$rtentry$$00000002          0x08000172   Section        0  __rtentry2.o(.ARM.Collect$$rtentry$$00000002)
    .ARM.Collect$$rtentry$$00000004          0x08000172   Section        6  __rtentry4.o(.ARM.Collect$$rtentry$$00000004)
    .ARM.Collect$$rtentry$$00000009          0x08000178   Section        0  __rtentry2.o(.ARM.Collect$$rtentry$$00000009)
    .ARM.Collect$$rtentry$$0000000A          0x08000178   Section        4  __rtentry2.o(.ARM.Collect$$rtentry$$0000000A)
    .ARM.Collect$$rtentry$$0000000C          0x0800017c   Section        0  __rtentry2.o(.ARM.Collect$$rtentry$$0000000C)
    .ARM.Collect$$rtentry$$0000000D          0x0800017c   Section        8  __rtentry2.o(.ARM.Collect$$rtentry$$0000000D)
    .ARM.Collect$$rtexit$$00000000           0x08000184   Section        2  rtexit.o(.ARM.Collect$$rtexit$$00000000)
    .ARM.Collect$$rtexit$$00000002           0x08000186   Section        0  rtexit2.o(.ARM.Collect$$rtexit$$00000002)
    .ARM.Collect$$rtexit$$00000003           0x08000186   Section        4  rtexit2.o(.ARM.Collect$$rtexit$$00000003)
    .ARM.Collect$$rtexit$$00000004           0x0800018a   Section        6  rtexit2.o(.ARM.Collect$$rtexit$$00000004)
    .text                                    0x08000190   Section       64  startup_stm32f103xb.o(.text)
    .text                                    0x080001d0   Section        0  _printf_dec.o(.text)
    .text                                    0x08000248   Section        0  strlen.o(.text)
    .text                                    0x08000286   Section        0  strncmp.o(.text)
    .text                                    0x0800031c   Section      138  rt_memcpy_v6.o(.text)
    .text                                    0x080003a6   Section      100  rt_memcpy_w.o(.text)
    .text                                    0x0800040a   Section       68  rt_memclr.o(.text)
    .text                                    0x0800044e   Section       78  rt_memclr_w.o(.text)
    .text                                    0x0800049c   Section        0  heapauxi.o(.text)
    .text                                    0x080004a2   Section        0  _printf_intcommon.o(.text)
    .text                                    0x08000554   Section        8  libspace.o(.text)
    .text                                    0x0800055c   Section        2  use_no_semi.o(.text)
    .text                                    0x0800055e   Section        0  indicate_semi.o(.text)
    .text                                    0x0800055e   Section       74  sys_stackheap_outer.o(.text)
    .text                                    0x080005a8   Section        0  exit.o(.text)
    .text                                    0x080005bc   Section        0  sys_exit.o(.text)
    [Anonymous Symbol]                       0x080005c8   Section        0  stm32f1xx_it.o(.text.BusFault_Handler)
    [Anonymous Symbol]                       0x080005cc   Section        0  main.o(.text.Callback_IPAssigned)
    [Anonymous Symbol]                       0x080005dc   Section        0  main.o(.text.Callback_IPConflict)
    [Anonymous Symbol]                       0x080005ec   Section        0  dhcp.o(.text.DHCP_init)
    [Anonymous Symbol]                       0x080006ac   Section        0  dhcp.o(.text.DHCP_run)
    [Anonymous Symbol]                       0x080008b4   Section        0  stm32f1xx_it.o(.text.DebugMon_Handler)
    [Anonymous Symbol]                       0x080008b8   Section        0  stm32f1xx_hal_gpio.o(.text.HAL_GPIO_Init)
    [Anonymous Symbol]                       0x08000ac8   Section        0  stm32f1xx_hal_gpio.o(.text.HAL_GPIO_WritePin)
    [Anonymous Symbol]                       0x08000ad4   Section        0  stm32f1xx_hal.o(.text.HAL_GetTick)
    [Anonymous Symbol]                       0x08000ae0   Section        0  stm32f1xx_hal.o(.text.HAL_IncTick)
    [Anonymous Symbol]                       0x08000afc   Section        0  stm32f1xx_hal.o(.text.HAL_Init)
    [Anonymous Symbol]                       0x08000b24   Section        0  stm32f1xx_hal.o(.text.HAL_InitTick)
    [Anonymous Symbol]                       0x08000b6c   Section        0  stm32f1xx_hal_msp.o(.text.HAL_MspInit)
    [Anonymous Symbol]                       0x08000bb0   Section        0  stm32f1xx_hal_cortex.o(.text.HAL_NVIC_SetPriority)
    [Anonymous Symbol]                       0x08000c08   Section        0  stm32f1xx_hal_cortex.o(.text.HAL_NVIC_SetPriorityGrouping)
    [Anonymous Symbol]                       0x08000c28   Section        0  stm32f1xx_hal_rcc.o(.text.HAL_RCC_ClockConfig)
    [Anonymous Symbol]                       0x08000ddc   Section        0  stm32f1xx_hal_rcc.o(.text.HAL_RCC_OscConfig)
    [Anonymous Symbol]                       0x08001178   Section        0  stm32f1xx_hal_spi.o(.text.HAL_SPI_Init)
    [Anonymous Symbol]                       0x0800122c   Section        0  stm32f1xx_hal_msp.o(.text.HAL_SPI_MspInit)
    [Anonymous Symbol]                       0x080012a8   Section        0  stm32f1xx_hal_spi.o(.text.HAL_SPI_Receive)
    [Anonymous Symbol]                       0x080014a8   Section        0  stm32f1xx_hal_spi.o(.text.HAL_SPI_Transmit)
    [Anonymous Symbol]                       0x080016a0   Section        0  stm32f1xx_hal_spi.o(.text.HAL_SPI_TransmitReceive)
    [Anonymous Symbol]                       0x0800196c   Section        0  stm32f1xx_hal_cortex.o(.text.HAL_SYSTICK_Config)
    [Anonymous Symbol]                       0x08001998   Section        0  stm32f1xx_it.o(.text.HardFault_Handler)
    [Anonymous Symbol]                       0x0800199c   Section        0  mqttdeserializepublish.o(.text.MQTTDeserialize_ack)
    [Anonymous Symbol]                       0x080019dc   Section        0  mqttdeserializepublish.o(.text.MQTTDeserialize_publish)
    [Anonymous Symbol]                       0x08001a64   Section        0  mqttpacket.o(.text.MQTTPacket_decodeBuf)
    [Anonymous Symbol]                       0x08001aec   Section        0  mqttpacket.o(.text.MQTTPacket_encode)
    [Anonymous Symbol]                       0x08001b24   Section        0  mqttpacket.o(.text.MQTTPacket_equals)
    [Anonymous Symbol]                       0x08001b5c   Section        0  mqttpacket.o(.text.MQTTPacket_len)
    [Anonymous Symbol]                       0x08001b88   Section        0  mqttclient.o(.text.MQTTPublish)
    [Anonymous Symbol]                       0x08001d00   Section        0  mqttserializepublish.o(.text.MQTTSerialize_ack)
    [Anonymous Symbol]                       0x08001d54   Section        0  mqttconnectclient.o(.text.MQTTSerialize_pingreq)
    [Anonymous Symbol]                       0x08001d84   Section        0  mqttserializepublish.o(.text.MQTTSerialize_publish)
    [Anonymous Symbol]                       0x08001e2c   Section        0  mqttpacket.o(.text.MQTTstrlen)
    [Anonymous Symbol]                       0x08001e38   Section        0  stm32f1xx_it.o(.text.MemManage_Handler)
    [Anonymous Symbol]                       0x08001e3c   Section        0  stm32f1xx_it.o(.text.NMI_Handler)
    [Anonymous Symbol]                       0x08001e40   Section        0  stm32f1xx_it.o(.text.PendSV_Handler)
    SPI_WaitFlagStateUntilTimeout            0x08001e45   Thumb Code   288  stm32f1xx_hal_spi.o(.text.SPI_WaitFlagStateUntilTimeout)
    [Anonymous Symbol]                       0x08001e44   Section        0  stm32f1xx_hal_spi.o(.text.SPI_WaitFlagStateUntilTimeout)
    [Anonymous Symbol]                       0x08001f64   Section        0  stm32f1xx_it.o(.text.SVC_Handler)
    [Anonymous Symbol]                       0x08001f68   Section        0  stm32f1xx_it.o(.text.SysTick_Handler)
    [Anonymous Symbol]                       0x08001f6c   Section        0  system_stm32f1xx.o(.text.SystemInit)
    [Anonymous Symbol]                       0x08001f70   Section        0  mqtt_interface.o(.text.TimerCountdown)
    [Anonymous Symbol]                       0x08001f88   Section        0  mqtt_interface.o(.text.TimerCountdownMS)
    [Anonymous Symbol]                       0x08001f98   Section        0  mqtt_interface.o(.text.TimerInit)
    [Anonymous Symbol]                       0x08001fa0   Section        0  mqtt_interface.o(.text.TimerIsExpired)
    [Anonymous Symbol]                       0x08001fb4   Section        0  mqtt_interface.o(.text.TimerLeftMS)
    [Anonymous Symbol]                       0x08001fc8   Section        0  main.o(.text.USART1_IRQHandler)
    [Anonymous Symbol]                       0x0800202c   Section        0  stm32f1xx_it.o(.text.UsageFault_Handler)
    [Anonymous Symbol]                       0x08002030   Section        0  main.o(.text.W5500Init)
    [Anonymous Symbol]                       0x08002100   Section        0  w5500.o(.text.WIZCHIP_READ)
    [Anonymous Symbol]                       0x08002164   Section        0  w5500.o(.text.WIZCHIP_READ_BUF)
    [Anonymous Symbol]                       0x080021dc   Section        0  w5500.o(.text.WIZCHIP_WRITE)
    [Anonymous Symbol]                       0x08002240   Section        0  w5500.o(.text.WIZCHIP_WRITE_BUF)
    [Anonymous Symbol]                       0x080022c0   Section        0  dhcp.o(.text.check_DHCP_timeout)
    [Anonymous Symbol]                       0x08002348   Section        0  mqttclient.o(.text.cycle)
    [Anonymous Symbol]                       0x0800254c   Section        0  dhcp.o(.text.default_ip_assign)
    [Anonymous Symbol]                       0x08002584   Section        0  dhcp.o(.text.default_ip_conflict)
    [Anonymous Symbol]                       0x080025b0   Section        0  dhcp.o(.text.default_ip_update)
    [Anonymous Symbol]                       0x08002604   Section        0  mqttclient.o(.text.deliverMessage)
    [Anonymous Symbol]                       0x08002a18   Section        0  dhcp.o(.text.getGWfromDHCP)
    [Anonymous Symbol]                       0x08002a34   Section        0  dhcp.o(.text.getIPfromDHCP)
    [Anonymous Symbol]                       0x08002a50   Section        0  dhcp.o(.text.getSNfromDHCP)
    [Anonymous Symbol]                       0x08002a6c   Section        0  w5500.o(.text.getSn_RX_RSR)
    [Anonymous Symbol]                       0x08002be8   Section        0  w5500.o(.text.getSn_TX_FSR)
    [Anonymous Symbol]                       0x08002dbc   Section        0  mqttclient.o(.text.keepalive)
    [Anonymous Symbol]                       0x08002e5c   Section        0  main.o(.text.main)
    [Anonymous Symbol]                       0x08002f98   Section        0  dhcp.o(.text.makeDHCPMSG)
    [Anonymous Symbol]                       0x08003148   Section        0  dhcp.o(.text.parseDHCPMSG)
    [Anonymous Symbol]                       0x0800334c   Section        0  mqttpacket.o(.text.readChar)
    [Anonymous Symbol]                       0x08003358   Section        0  mqttpacket.o(.text.readInt)
    [Anonymous Symbol]                       0x08003368   Section        0  mqttpacket.o(.text.readMQTTLenString)
    recvfrom_IO_6                            0x080033ad   Thumb Code   644  socket.o(.text.recvfrom_IO_6)
    [Anonymous Symbol]                       0x080033ac   Section        0  socket.o(.text.recvfrom_IO_6)
    [Anonymous Symbol]                       0x08003630   Section        0  socket.o(.text.recvfrom_W5x00)
    [Anonymous Symbol]                       0x08003634   Section        0  dhcp.o(.text.reg_dhcp_cbfunc)
    [Anonymous Symbol]                       0x08003670   Section        0  wizchip_conf.o(.text.reg_wizchip_cs_cbfunc)
    [Anonymous Symbol]                       0x080036a8   Section        0  wizchip_conf.o(.text.reg_wizchip_spi_cbfunc)
    [Anonymous Symbol]                       0x080036ec   Section        0  wizchip_conf.o(.text.reg_wizchip_spiburst_cbfunc)
    [Anonymous Symbol]                       0x08003730   Section        0  dhcp.o(.text.send_DHCP_DECLINE)
    [Anonymous Symbol]                       0x08003808   Section        0  dhcp.o(.text.send_DHCP_DISCOVER)
    [Anonymous Symbol]                       0x08003aa8   Section        0  dhcp.o(.text.send_DHCP_REQUEST)
    sendto_IO_6                              0x08003e0d   Thumb Code   494  socket.o(.text.sendto_IO_6)
    [Anonymous Symbol]                       0x08003e0c   Section        0  socket.o(.text.sendto_IO_6)
    [Anonymous Symbol]                       0x08003ffc   Section        0  socket.o(.text.sendto_W5x00)
    [Anonymous Symbol]                       0x08004014   Section        0  socket.o(.text.socket)
    [Anonymous Symbol]                       0x080041bc   Section        0  w5500.o(.text.wiz_recv_data)
    [Anonymous Symbol]                       0x080043ac   Section        0  w5500.o(.text.wiz_recv_ignore)
    [Anonymous Symbol]                       0x08004518   Section        0  w5500.o(.text.wiz_send_data)
    [Anonymous Symbol]                       0x08004708   Section        0  main.o(.text.wizchipReadBurst)
    [Anonymous Symbol]                       0x0800471c   Section        0  main.o(.text.wizchipReadByte)
    [Anonymous Symbol]                       0x08004740   Section        0  main.o(.text.wizchipSelect)
    [Anonymous Symbol]                       0x08004750   Section        0  main.o(.text.wizchipUnselect)
    [Anonymous Symbol]                       0x08004760   Section        0  main.o(.text.wizchipWriteBurst)
    [Anonymous Symbol]                       0x08004774   Section        0  main.o(.text.wizchipWriteByte)
    [Anonymous Symbol]                       0x08004798   Section        0  wizchip_conf.o(.text.wizchip_bus_readdata)
    [Anonymous Symbol]                       0x0800479c   Section        0  wizchip_conf.o(.text.wizchip_bus_writedata)
    [Anonymous Symbol]                       0x080047a0   Section        0  wizchip_conf.o(.text.wizchip_cris_enter)
    [Anonymous Symbol]                       0x080047a4   Section        0  wizchip_conf.o(.text.wizchip_cris_exit)
    [Anonymous Symbol]                       0x080047a8   Section        0  wizchip_conf.o(.text.wizchip_cs_deselect)
    [Anonymous Symbol]                       0x080047ac   Section        0  wizchip_conf.o(.text.wizchip_cs_select)
    [Anonymous Symbol]                       0x080047b0   Section        0  wizchip_conf.o(.text.wizchip_init)
    [Anonymous Symbol]                       0x08004934   Section        0  wizchip_conf.o(.text.wizchip_setnetinfo)
    [Anonymous Symbol]                       0x08004988   Section        0  wizchip_conf.o(.text.wizchip_spi_readburst)
    [Anonymous Symbol]                       0x080049b0   Section        0  wizchip_conf.o(.text.wizchip_spi_readbyte)
    [Anonymous Symbol]                       0x080049b4   Section        0  wizchip_conf.o(.text.wizchip_spi_writeburst)
    [Anonymous Symbol]                       0x080049dc   Section        0  wizchip_conf.o(.text.wizchip_spi_writebyte)
    [Anonymous Symbol]                       0x080049e0   Section        0  wizchip_conf.o(.text.wizchip_sw_reset)
    [Anonymous Symbol]                       0x08004a60   Section        0  mqttpacket.o(.text.writeChar)
    [Anonymous Symbol]                       0x08004a6c   Section        0  mqttpacket.o(.text.writeInt)
    [Anonymous Symbol]                       0x08004a88   Section        0  mqttpacket.o(.text.writeMQTTString)
    HAL_RCC_GetSysClockFreq.aPredivFactorTable 0x08004b04   Data           2  stm32f1xx_hal_rcc.o(.rodata.HAL_RCC_GetSysClockFreq.aPredivFactorTable)
    [Anonymous Symbol]                       0x08004b04   Section        0  stm32f1xx_hal_rcc.o(.rodata.HAL_RCC_GetSysClockFreq.aPredivFactorTable)
    HAL_RCC_GetSysClockFreq.aPLLMULFactorTable 0x08004b06   Data          16  stm32f1xx_hal_rcc.o(.rodata.cst16)
    .L.str                                   0x08004b16   Data          18  dhcp.o(.rodata.str1.1)
    [Anonymous Symbol]                       0x08004b16   Section        0  dhcp.o(.rodata.str1.1)
    .L_MergedGlobals                         0x20000000   Data          20  dhcp.o(.data..L_MergedGlobals)
    [Anonymous Symbol]                       0x20000000   Section        0  dhcp.o(.data..L_MergedGlobals)
    .L_MergedGlobals                         0x20000014   Data           8  stm32f1xx_hal.o(.data..L_MergedGlobals)
    [Anonymous Symbol]                       0x20000014   Section        0  stm32f1xx_hal.o(.data..L_MergedGlobals)
    sock_any_port                            0x2000006c   Data           2  socket.o(.data.sock_any_port)
    [Anonymous Symbol]                       0x2000006c   Section        0  socket.o(.data.sock_any_port)
    .bss                                     0x20000078   Section       96  libspace.o(.bss)
    .L_MergedGlobals                         0x200000d8   Data           5  wizchip_conf.o(.bss..L_MergedGlobals)
    _DHCP_                                   0x200000d8   Data           1  wizchip_conf.o(.bss..L_MergedGlobals)
    [Anonymous Symbol]                       0x200000d8   Section        0  wizchip_conf.o(.bss..L_MergedGlobals)
    _DNS_.0                                  0x200000d9   Data           1  wizchip_conf.o(.bss..L_MergedGlobals)
    _DNS_.1                                  0x200000da   Data           1  wizchip_conf.o(.bss..L_MergedGlobals)
    _DNS_.2                                  0x200000db   Data           1  wizchip_conf.o(.bss..L_MergedGlobals)
    _DNS_.3                                  0x200000dc   Data           1  wizchip_conf.o(.bss..L_MergedGlobals)
    .L_MergedGlobals                         0x200000de   Data          28  socket.o(.bss..L_MergedGlobals)
    sock_io_mode                             0x200000de   Data           2  socket.o(.bss..L_MergedGlobals)
    [Anonymous Symbol]                       0x200000de   Section        0  socket.o(.bss..L_MergedGlobals)
    sock_is_sending                          0x200000e0   Data           2  socket.o(.bss..L_MergedGlobals)
    sock_remained_size                       0x200000ea   Data          16  socket.o(.bss..L_MergedGlobals)
    .L_MergedGlobals.1                       0x200000fc   Data          50  dhcp.o(.bss..L_MergedGlobals.1)
    [Anonymous Symbol]                       0x200000fc   Section        0  dhcp.o(.bss..L_MergedGlobals.1)
    .L_MergedGlobals.8                       0x20000130   Data          68  main.o(.bss..L_MergedGlobals.8)
    [Anonymous Symbol]                       0x20000130   Section        0  main.o(.bss..L_MergedGlobals.8)
    bufptr                                   0x20000178   Data           4  mqttpacket.o(.bss.bufptr)
    [Anonymous Symbol]                       0x20000178   Section        0  mqttpacket.o(.bss.bufptr)
    Heap_Mem                                 0x20000738   Data         512  startup_stm32f103xb.o(HEAP)
    HEAP                                     0x20000738   Section      512  startup_stm32f103xb.o(HEAP)
    Stack_Mem                                0x20000938   Data        1024  startup_stm32f103xb.o(STACK)
    STACK                                    0x20000938   Section     1024  startup_stm32f103xb.o(STACK)
    __initial_sp                             0x20000d38   Data           0  startup_stm32f103xb.o(STACK)

    Global Symbols

    Symbol Name                              Value     Ov Type        Size  Object(Section)

    BuildAttributes$$THM_ISAv4$P$D$K$B$S$PE$A:L22UL41UL21$X:L11$S22US41US21$IEEE1$IW$~IW$USESV6$~STKCKD$USESV7$~SHL$OTIME$ROPI$IEEEJ$EBA8$UX$STANDARDLIB$REQ8$PRES8$EABIv2 0x00000000   Number         0  anon$$obj.o ABSOLUTE
    __fp_init_empty                          0x00000000   Number         0  fpinit_empty.o ABSOLUTE
    _printf_flags                            0x00000000   Number         0  printf_stubs.o ABSOLUTE
    _printf_return_value                     0x00000000   Number         0  printf_stubs.o ABSOLUTE
    _printf_sizespec                         0x00000000   Number         0  printf_stubs.o ABSOLUTE
    _printf_widthprec                        0x00000000   Number         0  printf_stubs.o ABSOLUTE
    __ARM_exceptions_init                     - Undefined Weak Reference
    __alloca_initialize                       - Undefined Weak Reference
    __arm_preinit_                            - Undefined Weak Reference
    __cpp_initialize__aeabi_                  - Undefined Weak Reference
    __cxa_finalize                            - Undefined Weak Reference
    __sigvec_lookup                           - Undefined Weak Reference
    __user_heap_extent                        - Undefined Weak Reference
    _atexit_init                              - Undefined Weak Reference
    _call_atexit_fns                          - Undefined Weak Reference
    _clock_init                               - Undefined Weak Reference
    _fp_trap_init                             - Undefined Weak Reference
    _fp_trap_shutdown                         - Undefined Weak Reference
    _get_lc_collate                           - Undefined Weak Reference
    _get_lc_monetary                          - Undefined Weak Reference
    _get_lc_numeric                           - Undefined Weak Reference
    _get_lc_time                              - Undefined Weak Reference
    _getenv_init                              - Undefined Weak Reference
    _handle_redirection                       - Undefined Weak Reference
    _mutex_acquire                            - Undefined Weak Reference
    _mutex_free                               - Undefined Weak Reference
    _mutex_release                            - Undefined Weak Reference
    _printf_mbtowc                            - Undefined Weak Reference
    _printf_post_padding                      - Undefined Weak Reference
    _printf_pre_padding                       - Undefined Weak Reference
    _printf_truncate_signed                   - Undefined Weak Reference
    _printf_truncate_unsigned                 - Undefined Weak Reference
    _rand_init                                - Undefined Weak Reference
    _signal_finish                            - Undefined Weak Reference
    _signal_init                              - Undefined Weak Reference
    __Vectors_Size                           0x000000ec   Number         0  startup_stm32f103xb.o ABSOLUTE
    __Vectors                                0x08000000   Data           4  startup_stm32f103xb.o(RESET)
    __Vectors_End                            0x080000ec   Data           0  startup_stm32f103xb.o(RESET)
    __main                                   0x080000ed   Thumb Code     8  __main.o(!!!main)
    __scatterload                            0x080000f5   Thumb Code     0  __scatter.o(!!!scatter)
    __scatterload_rt2                        0x080000f5   Thumb Code    44  __scatter.o(!!!scatter)
    __scatterload_rt2_thumb_only             0x080000f5   Thumb Code     0  __scatter.o(!!!scatter)
    __scatterload_null                       0x08000103   Thumb Code     0  __scatter.o(!!!scatter)
    __scatterload_copy                       0x08000129   Thumb Code    26  __scatter_copy.o(!!handler_copy)
    __scatterload_zeroinit                   0x08000145   Thumb Code    28  __scatter_zi.o(!!handler_zi)
    _printf_d                                0x08000161   Thumb Code     0  _printf_d.o(.ARM.Collect$$_printf_percent$$00000009)
    _printf_percent                          0x08000161   Thumb Code     0  _printf_percent.o(.ARM.Collect$$_printf_percent$$00000000)
    _printf_percent_end                      0x08000167   Thumb Code     0  _printf_percent_end.o(.ARM.Collect$$_printf_percent$$00000017)
    __rt_lib_init                            0x0800016b   Thumb Code     0  libinit.o(.ARM.Collect$$libinit$$00000000)
    __rt_lib_init_alloca_1                   0x0800016d   Thumb Code     0  libinit2.o(.ARM.Collect$$libinit$$0000002E)
    __rt_lib_init_argv_1                     0x0800016d   Thumb Code     0  libinit2.o(.ARM.Collect$$libinit$$0000002C)
    __rt_lib_init_atexit_1                   0x0800016d   Thumb Code     0  libinit2.o(.ARM.Collect$$libinit$$0000001B)
    __rt_lib_init_clock_1                    0x0800016d   Thumb Code     0  libinit2.o(.ARM.Collect$$libinit$$00000021)
    __rt_lib_init_cpp_1                      0x0800016d   Thumb Code     0  libinit2.o(.ARM.Collect$$libinit$$00000032)
    __rt_lib_init_exceptions_1               0x0800016d   Thumb Code     0  libinit2.o(.ARM.Collect$$libinit$$00000030)
    __rt_lib_init_fp_1                       0x0800016d   Thumb Code     0  libinit2.o(.ARM.Collect$$libinit$$00000002)
    __rt_lib_init_fp_trap_1                  0x0800016d   Thumb Code     0  libinit2.o(.ARM.Collect$$libinit$$0000001F)
    __rt_lib_init_getenv_1                   0x0800016d   Thumb Code     0  libinit2.o(.ARM.Collect$$libinit$$00000023)
    __rt_lib_init_heap_1                     0x0800016d   Thumb Code     0  libinit2.o(.ARM.Collect$$libinit$$0000000A)
    __rt_lib_init_lc_collate_1               0x0800016d   Thumb Code     0  libinit2.o(.ARM.Collect$$libinit$$00000011)
    __rt_lib_init_lc_ctype_1                 0x0800016d   Thumb Code     0  libinit2.o(.ARM.Collect$$libinit$$00000013)
    __rt_lib_init_lc_monetary_1              0x0800016d   Thumb Code     0  libinit2.o(.ARM.Collect$$libinit$$00000015)
    __rt_lib_init_lc_numeric_1               0x0800016d   Thumb Code     0  libinit2.o(.ARM.Collect$$libinit$$00000017)
    __rt_lib_init_lc_time_1                  0x0800016d   Thumb Code     0  libinit2.o(.ARM.Collect$$libinit$$00000019)
    __rt_lib_init_preinit_1                  0x0800016d   Thumb Code     0  libinit2.o(.ARM.Collect$$libinit$$00000004)
    __rt_lib_init_rand_1                     0x0800016d   Thumb Code     0  libinit2.o(.ARM.Collect$$libinit$$0000000E)
    __rt_lib_init_return                     0x0800016d   Thumb Code     0  libinit2.o(.ARM.Collect$$libinit$$00000033)
    __rt_lib_init_signal_1                   0x0800016d   Thumb Code     0  libinit2.o(.ARM.Collect$$libinit$$0000001D)
    __rt_lib_init_stdio_1                    0x0800016d   Thumb Code     0  libinit2.o(.ARM.Collect$$libinit$$00000025)
    __rt_lib_init_user_alloc_1               0x0800016d   Thumb Code     0  libinit2.o(.ARM.Collect$$libinit$$0000000C)
    __rt_lib_shutdown                        0x0800016f   Thumb Code     0  libshutdown.o(.ARM.Collect$$libshutdown$$00000000)
    __rt_lib_shutdown_cpp_1                  0x08000171   Thumb Code     0  libshutdown2.o(.ARM.Collect$$libshutdown$$00000002)
    __rt_lib_shutdown_fp_trap_1              0x08000171   Thumb Code     0  libshutdown2.o(.ARM.Collect$$libshutdown$$00000007)
    __rt_lib_shutdown_heap_1                 0x08000171   Thumb Code     0  libshutdown2.o(.ARM.Collect$$libshutdown$$0000000F)
    __rt_lib_shutdown_return                 0x08000171   Thumb Code     0  libshutdown2.o(.ARM.Collect$$libshutdown$$00000010)
    __rt_lib_shutdown_signal_1               0x08000171   Thumb Code     0  libshutdown2.o(.ARM.Collect$$libshutdown$$0000000A)
    __rt_lib_shutdown_stdio_1                0x08000171   Thumb Code     0  libshutdown2.o(.ARM.Collect$$libshutdown$$00000004)
    __rt_lib_shutdown_user_alloc_1           0x08000171   Thumb Code     0  libshutdown2.o(.ARM.Collect$$libshutdown$$0000000C)
    __rt_entry                               0x08000173   Thumb Code     0  __rtentry.o(.ARM.Collect$$rtentry$$00000000)
    __rt_entry_presh_1                       0x08000173   Thumb Code     0  __rtentry2.o(.ARM.Collect$$rtentry$$00000002)
    __rt_entry_sh                            0x08000173   Thumb Code     0  __rtentry4.o(.ARM.Collect$$rtentry$$00000004)
    __rt_entry_li                            0x08000179   Thumb Code     0  __rtentry2.o(.ARM.Collect$$rtentry$$0000000A)
    __rt_entry_postsh_1                      0x08000179   Thumb Code     0  __rtentry2.o(.ARM.Collect$$rtentry$$00000009)
    __rt_entry_main                          0x0800017d   Thumb Code     0  __rtentry2.o(.ARM.Collect$$rtentry$$0000000D)
    __rt_entry_postli_1                      0x0800017d   Thumb Code     0  __rtentry2.o(.ARM.Collect$$rtentry$$0000000C)
    __rt_exit                                0x08000185   Thumb Code     0  rtexit.o(.ARM.Collect$$rtexit$$00000000)
    __rt_exit_ls                             0x08000187   Thumb Code     0  rtexit2.o(.ARM.Collect$$rtexit$$00000003)
    __rt_exit_prels_1                        0x08000187   Thumb Code     0  rtexit2.o(.ARM.Collect$$rtexit$$00000002)
    __rt_exit_exit                           0x0800018b   Thumb Code     0  rtexit2.o(.ARM.Collect$$rtexit$$00000004)
    Reset_Handler                            0x08000191   Thumb Code     8  startup_stm32f103xb.o(.text)
    ADC1_2_IRQHandler                        0x080001ab   Thumb Code     0  startup_stm32f103xb.o(.text)
    CAN1_RX1_IRQHandler                      0x080001ab   Thumb Code     0  startup_stm32f103xb.o(.text)
    CAN1_SCE_IRQHandler                      0x080001ab   Thumb Code     0  startup_stm32f103xb.o(.text)
    DMA1_Channel1_IRQHandler                 0x080001ab   Thumb Code     0  startup_stm32f103xb.o(.text)
    DMA1_Channel2_IRQHandler                 0x080001ab   Thumb Code     0  startup_stm32f103xb.o(.text)
    DMA1_Channel3_IRQHandler                 0x080001ab   Thumb Code     0  startup_stm32f103xb.o(.text)
    DMA1_Channel4_IRQHandler                 0x080001ab   Thumb Code     0  startup_stm32f103xb.o(.text)
    DMA1_Channel5_IRQHandler                 0x080001ab   Thumb Code     0  startup_stm32f103xb.o(.text)
    DMA1_Channel6_IRQHandler                 0x080001ab   Thumb Code     0  startup_stm32f103xb.o(.text)
    DMA1_Channel7_IRQHandler                 0x080001ab   Thumb Code     0  startup_stm32f103xb.o(.text)
    EXTI0_IRQHandler                         0x080001ab   Thumb Code     0  startup_stm32f103xb.o(.text)
    EXTI15_10_IRQHandler                     0x080001ab   Thumb Code     0  startup_stm32f103xb.o(.text)
    EXTI1_IRQHandler                         0x080001ab   Thumb Code     0  startup_stm32f103xb.o(.text)
    EXTI2_IRQHandler                         0x080001ab   Thumb Code     0  startup_stm32f103xb.o(.text)
    EXTI3_IRQHandler                         0x080001ab   Thumb Code     0  startup_stm32f103xb.o(.text)
    EXTI4_IRQHandler                         0x080001ab   Thumb Code     0  startup_stm32f103xb.o(.text)
    EXTI9_5_IRQHandler                       0x080001ab   Thumb Code     0  startup_stm32f103xb.o(.text)
    FLASH_IRQHandler                         0x080001ab   Thumb Code     0  startup_stm32f103xb.o(.text)
    I2C1_ER_IRQHandler                       0x080001ab   Thumb Code     0  startup_stm32f103xb.o(.text)
    I2C1_EV_IRQHandler                       0x080001ab   Thumb Code     0  startup_stm32f103xb.o(.text)
    I2C2_ER_IRQHandler                       0x080001ab   Thumb Code     0  startup_stm32f103xb.o(.text)
    I2C2_EV_IRQHandler                       0x080001ab   Thumb Code     0  startup_stm32f103xb.o(.text)
    PVD_IRQHandler                           0x080001ab   Thumb Code     0  startup_stm32f103xb.o(.text)
    RCC_IRQHandler                           0x080001ab   Thumb Code     0  startup_stm32f103xb.o(.text)
    RTC_Alarm_IRQHandler                     0x080001ab   Thumb Code     0  startup_stm32f103xb.o(.text)
    RTC_IRQHandler                           0x080001ab   Thumb Code     0  startup_stm32f103xb.o(.text)
    SPI1_IRQHandler                          0x080001ab   Thumb Code     0  startup_stm32f103xb.o(.text)
    SPI2_IRQHandler                          0x080001ab   Thumb Code     0  startup_stm32f103xb.o(.text)
    TAMPER_IRQHandler                        0x080001ab   Thumb Code     0  startup_stm32f103xb.o(.text)
    TIM1_BRK_IRQHandler                      0x080001ab   Thumb Code     0  startup_stm32f103xb.o(.text)
    TIM1_CC_IRQHandler                       0x080001ab   Thumb Code     0  startup_stm32f103xb.o(.text)
    TIM1_TRG_COM_IRQHandler                  0x080001ab   Thumb Code     0  startup_stm32f103xb.o(.text)
    TIM1_UP_IRQHandler                       0x080001ab   Thumb Code     0  startup_stm32f103xb.o(.text)
    TIM2_IRQHandler                          0x080001ab   Thumb Code     0  startup_stm32f103xb.o(.text)
    TIM3_IRQHandler                          0x080001ab   Thumb Code     0  startup_stm32f103xb.o(.text)
    TIM4_IRQHandler                          0x080001ab   Thumb Code     0  startup_stm32f103xb.o(.text)
    USART2_IRQHandler                        0x080001ab   Thumb Code     0  startup_stm32f103xb.o(.text)
    USART3_IRQHandler                        0x080001ab   Thumb Code     0  startup_stm32f103xb.o(.text)
    USBWakeUp_IRQHandler                     0x080001ab   Thumb Code     0  startup_stm32f103xb.o(.text)
    USB_HP_CAN1_TX_IRQHandler                0x080001ab   Thumb Code     0  startup_stm32f103xb.o(.text)
    USB_LP_CAN1_RX0_IRQHandler               0x080001ab   Thumb Code     0  startup_stm32f103xb.o(.text)
    WWDG_IRQHandler                          0x080001ab   Thumb Code     0  startup_stm32f103xb.o(.text)
    __user_initial_stackheap                 0x080001ad   Thumb Code     0  startup_stm32f103xb.o(.text)
    _printf_int_dec                          0x080001d1   Thumb Code   104  _printf_dec.o(.text)
    strlen                                   0x08000249   Thumb Code    62  strlen.o(.text)
    strncmp                                  0x08000287   Thumb Code   150  strncmp.o(.text)
    __aeabi_memcpy                           0x0800031d   Thumb Code     0  rt_memcpy_v6.o(.text)
    __rt_memcpy                              0x0800031d   Thumb Code   138  rt_memcpy_v6.o(.text)
    _memcpy_lastbytes                        0x08000383   Thumb Code     0  rt_memcpy_v6.o(.text)
    __aeabi_memcpy4                          0x080003a7   Thumb Code     0  rt_memcpy_w.o(.text)
    __aeabi_memcpy8                          0x080003a7   Thumb Code     0  rt_memcpy_w.o(.text)
    __rt_memcpy_w                            0x080003a7   Thumb Code   100  rt_memcpy_w.o(.text)
    _memcpy_lastbytes_aligned                0x080003ef   Thumb Code     0  rt_memcpy_w.o(.text)
    __aeabi_memclr                           0x0800040b   Thumb Code     0  rt_memclr.o(.text)
    __rt_memclr                              0x0800040b   Thumb Code    68  rt_memclr.o(.text)
    _memset                                  0x0800040f   Thumb Code     0  rt_memclr.o(.text)
    __aeabi_memclr4                          0x0800044f   Thumb Code     0  rt_memclr_w.o(.text)
    __aeabi_memclr8                          0x0800044f   Thumb Code     0  rt_memclr_w.o(.text)
    __rt_memclr_w                            0x0800044f   Thumb Code    78  rt_memclr_w.o(.text)
    _memset_w                                0x08000453   Thumb Code     0  rt_memclr_w.o(.text)
    __use_two_region_memory                  0x0800049d   Thumb Code     2  heapauxi.o(.text)
    __rt_heap_escrow                         0x0800049f   Thumb Code     2  heapauxi.o(.text)
    __rt_heap_expand                         0x080004a1   Thumb Code     2  heapauxi.o(.text)
    _printf_int_common                       0x080004a3   Thumb Code   178  _printf_intcommon.o(.text)
    __user_libspace                          0x08000555   Thumb Code     8  libspace.o(.text)
    __user_perproc_libspace                  0x08000555   Thumb Code     0  libspace.o(.text)
    __user_perthread_libspace                0x08000555   Thumb Code     0  libspace.o(.text)
    __I$use$semihosting                      0x0800055d   Thumb Code     0  use_no_semi.o(.text)
    __use_no_semihosting_swi                 0x0800055d   Thumb Code     2  use_no_semi.o(.text)
    __semihosting_library_function           0x0800055f   Thumb Code     0  indicate_semi.o(.text)
    __user_setup_stackheap                   0x0800055f   Thumb Code    74  sys_stackheap_outer.o(.text)
    exit                                     0x080005a9   Thumb Code    18  exit.o(.text)
    _sys_exit                                0x080005bd   Thumb Code     8  sys_exit.o(.text)
    BusFault_Handler                         0x080005c9   Thumb Code     2  stm32f1xx_it.o(.text.BusFault_Handler)
    Callback_IPAssigned                      0x080005cd   Thumb Code    14  main.o(.text.Callback_IPAssigned)
    Callback_IPConflict                      0x080005dd   Thumb Code    14  main.o(.text.Callback_IPConflict)
    DHCP_init                                0x080005ed   Thumb Code   192  dhcp.o(.text.DHCP_init)
    DHCP_run                                 0x080006ad   Thumb Code   518  dhcp.o(.text.DHCP_run)
    DebugMon_Handler                         0x080008b5   Thumb Code     2  stm32f1xx_it.o(.text.DebugMon_Handler)
    HAL_GPIO_Init                            0x080008b9   Thumb Code   526  stm32f1xx_hal_gpio.o(.text.HAL_GPIO_Init)
    HAL_GPIO_WritePin                        0x08000ac9   Thumb Code    10  stm32f1xx_hal_gpio.o(.text.HAL_GPIO_WritePin)
    HAL_GetTick                              0x08000ad5   Thumb Code    12  stm32f1xx_hal.o(.text.HAL_GetTick)
    HAL_IncTick                              0x08000ae1   Thumb Code    26  stm32f1xx_hal.o(.text.HAL_IncTick)
    HAL_Init                                 0x08000afd   Thumb Code    38  stm32f1xx_hal.o(.text.HAL_Init)
    HAL_InitTick                             0x08000b25   Thumb Code    72  stm32f1xx_hal.o(.text.HAL_InitTick)
    HAL_MspInit                              0x08000b6d   Thumb Code    66  stm32f1xx_hal_msp.o(.text.HAL_MspInit)
    HAL_NVIC_SetPriority                     0x08000bb1   Thumb Code    86  stm32f1xx_hal_cortex.o(.text.HAL_NVIC_SetPriority)
    HAL_NVIC_SetPriorityGrouping             0x08000c09   Thumb Code    32  stm32f1xx_hal_cortex.o(.text.HAL_NVIC_SetPriorityGrouping)
    HAL_RCC_ClockConfig                      0x08000c29   Thumb Code   436  stm32f1xx_hal_rcc.o(.text.HAL_RCC_ClockConfig)
    HAL_RCC_OscConfig                        0x08000ddd   Thumb Code   924  stm32f1xx_hal_rcc.o(.text.HAL_RCC_OscConfig)
    HAL_SPI_Init                             0x08001179   Thumb Code   180  stm32f1xx_hal_spi.o(.text.HAL_SPI_Init)
    HAL_SPI_MspInit                          0x0800122d   Thumb Code   122  stm32f1xx_hal_msp.o(.text.HAL_SPI_MspInit)
    HAL_SPI_Receive                          0x080012a9   Thumb Code   510  stm32f1xx_hal_spi.o(.text.HAL_SPI_Receive)
    HAL_SPI_Transmit                         0x080014a9   Thumb Code   502  stm32f1xx_hal_spi.o(.text.HAL_SPI_Transmit)
    HAL_SPI_TransmitReceive                  0x080016a1   Thumb Code   716  stm32f1xx_hal_spi.o(.text.HAL_SPI_TransmitReceive)
    HAL_SYSTICK_Config                       0x0800196d   Thumb Code    44  stm32f1xx_hal_cortex.o(.text.HAL_SYSTICK_Config)
    HardFault_Handler                        0x08001999   Thumb Code     2  stm32f1xx_it.o(.text.HardFault_Handler)
    MQTTDeserialize_ack                      0x0800199d   Thumb Code    62  mqttdeserializepublish.o(.text.MQTTDeserialize_ack)
    MQTTDeserialize_publish                  0x080019dd   Thumb Code   134  mqttdeserializepublish.o(.text.MQTTDeserialize_publish)
    MQTTPacket_decodeBuf                     0x08001a65   Thumb Code   134  mqttpacket.o(.text.MQTTPacket_decodeBuf)
    MQTTPacket_encode                        0x08001aed   Thumb Code    54  mqttpacket.o(.text.MQTTPacket_encode)
    MQTTPacket_equals                        0x08001b25   Thumb Code    54  mqttpacket.o(.text.MQTTPacket_equals)
    MQTTPacket_len                           0x08001b5d   Thumb Code    44  mqttpacket.o(.text.MQTTPacket_len)
    MQTTPublish                              0x08001b89   Thumb Code   376  mqttclient.o(.text.MQTTPublish)
    MQTTSerialize_ack                        0x08001d01   Thumb Code    84  mqttserializepublish.o(.text.MQTTSerialize_ack)
    MQTTSerialize_pingreq                    0x08001d55   Thumb Code    48  mqttconnectclient.o(.text.MQTTSerialize_pingreq)
    MQTTSerialize_publish                    0x08001d85   Thumb Code   166  mqttserializepublish.o(.text.MQTTSerialize_publish)
    MQTTstrlen                               0x08001e2d   Thumb Code    12  mqttpacket.o(.text.MQTTstrlen)
    MemManage_Handler                        0x08001e39   Thumb Code     2  stm32f1xx_it.o(.text.MemManage_Handler)
    NMI_Handler                              0x08001e3d   Thumb Code     2  stm32f1xx_it.o(.text.NMI_Handler)
    PendSV_Handler                           0x08001e41   Thumb Code     2  stm32f1xx_it.o(.text.PendSV_Handler)
    SVC_Handler                              0x08001f65   Thumb Code     2  stm32f1xx_it.o(.text.SVC_Handler)
    SysTick_Handler                          0x08001f69   Thumb Code     4  stm32f1xx_it.o(.text.SysTick_Handler)
    SystemInit                               0x08001f6d   Thumb Code     2  system_stm32f1xx.o(.text.SystemInit)
    TimerCountdown                           0x08001f71   Thumb Code    22  mqtt_interface.o(.text.TimerCountdown)
    TimerCountdownMS                         0x08001f89   Thumb Code    16  mqtt_interface.o(.text.TimerCountdownMS)
    TimerInit                                0x08001f99   Thumb Code     6  mqtt_interface.o(.text.TimerInit)
    TimerIsExpired                           0x08001fa1   Thumb Code    18  mqtt_interface.o(.text.TimerIsExpired)
    TimerLeftMS                              0x08001fb5   Thumb Code    20  mqtt_interface.o(.text.TimerLeftMS)
    USART1_IRQHandler                        0x08001fc9   Thumb Code   100  main.o(.text.USART1_IRQHandler)
    UsageFault_Handler                       0x0800202d   Thumb Code     2  stm32f1xx_it.o(.text.UsageFault_Handler)
    W5500Init                                0x08002031   Thumb Code   208  main.o(.text.W5500Init)
    WIZCHIP_READ                             0x08002101   Thumb Code    98  w5500.o(.text.WIZCHIP_READ)
    WIZCHIP_READ_BUF                         0x08002165   Thumb Code   120  w5500.o(.text.WIZCHIP_READ_BUF)
    WIZCHIP_WRITE                            0x080021dd   Thumb Code   100  w5500.o(.text.WIZCHIP_WRITE)
    WIZCHIP_WRITE_BUF                        0x08002241   Thumb Code   126  w5500.o(.text.WIZCHIP_WRITE_BUF)
    check_DHCP_timeout                       0x080022c1   Thumb Code   136  dhcp.o(.text.check_DHCP_timeout)
    cycle                                    0x08002349   Thumb Code   514  mqttclient.o(.text.cycle)
    default_ip_assign                        0x0800254d   Thumb Code    56  dhcp.o(.text.default_ip_assign)
    default_ip_conflict                      0x08002585   Thumb Code    42  dhcp.o(.text.default_ip_conflict)
    default_ip_update                        0x080025b1   Thumb Code    84  dhcp.o(.text.default_ip_update)
    deliverMessage                           0x08002605   Thumb Code  1044  mqttclient.o(.text.deliverMessage)
    getGWfromDHCP                            0x08002a19   Thumb Code    26  dhcp.o(.text.getGWfromDHCP)
    getIPfromDHCP                            0x08002a35   Thumb Code    26  dhcp.o(.text.getIPfromDHCP)
    getSNfromDHCP                            0x08002a51   Thumb Code    26  dhcp.o(.text.getSNfromDHCP)
    getSn_RX_RSR                             0x08002a6d   Thumb Code   378  w5500.o(.text.getSn_RX_RSR)
    getSn_TX_FSR                             0x08002be9   Thumb Code   466  w5500.o(.text.getSn_TX_FSR)
    keepalive                                0x08002dbd   Thumb Code   160  mqttclient.o(.text.keepalive)
    main                                     0x08002e5d   Thumb Code   314  main.o(.text.main)
    makeDHCPMSG                              0x08002f99   Thumb Code   432  dhcp.o(.text.makeDHCPMSG)
    parseDHCPMSG                             0x08003149   Thumb Code   514  dhcp.o(.text.parseDHCPMSG)
    readChar                                 0x0800334d   Thumb Code    12  mqttpacket.o(.text.readChar)
    readInt                                  0x08003359   Thumb Code    16  mqttpacket.o(.text.readInt)
    readMQTTLenString                        0x08003369   Thumb Code    66  mqttpacket.o(.text.readMQTTLenString)
    recvfrom_W5x00                           0x08003631   Thumb Code     4  socket.o(.text.recvfrom_W5x00)
    reg_dhcp_cbfunc                          0x08003635   Thumb Code    60  dhcp.o(.text.reg_dhcp_cbfunc)
    reg_wizchip_cs_cbfunc                    0x08003671   Thumb Code    56  wizchip_conf.o(.text.reg_wizchip_cs_cbfunc)
    reg_wizchip_spi_cbfunc                   0x080036a9   Thumb Code    66  wizchip_conf.o(.text.reg_wizchip_spi_cbfunc)
    reg_wizchip_spiburst_cbfunc              0x080036ed   Thumb Code    66  wizchip_conf.o(.text.reg_wizchip_spiburst_cbfunc)
    send_DHCP_DECLINE                        0x08003731   Thumb Code   216  dhcp.o(.text.send_DHCP_DECLINE)
    send_DHCP_DISCOVER                       0x08003809   Thumb Code   670  dhcp.o(.text.send_DHCP_DISCOVER)
    send_DHCP_REQUEST                        0x08003aa9   Thumb Code   868  dhcp.o(.text.send_DHCP_REQUEST)
    sendto_W5x00                             0x08003ffd   Thumb Code    24  socket.o(.text.sendto_W5x00)
    socket                                   0x08004015   Thumb Code   424  socket.o(.text.socket)
    wiz_recv_data                            0x080041bd   Thumb Code   496  w5500.o(.text.wiz_recv_data)
    wiz_recv_ignore                          0x080043ad   Thumb Code   362  w5500.o(.text.wiz_recv_ignore)
    wiz_send_data                            0x08004519   Thumb Code   496  w5500.o(.text.wiz_send_data)
    wizchipReadBurst                         0x08004709   Thumb Code    20  main.o(.text.wizchipReadBurst)
    wizchipReadByte                          0x0800471d   Thumb Code    34  main.o(.text.wizchipReadByte)
    wizchipSelect                            0x08004741   Thumb Code    16  main.o(.text.wizchipSelect)
    wizchipUnselect                          0x08004751   Thumb Code    16  main.o(.text.wizchipUnselect)
    wizchipWriteBurst                        0x08004761   Thumb Code    20  main.o(.text.wizchipWriteBurst)
    wizchipWriteByte                         0x08004775   Thumb Code    34  main.o(.text.wizchipWriteByte)
    wizchip_bus_readdata                     0x08004799   Thumb Code     4  wizchip_conf.o(.text.wizchip_bus_readdata)
    wizchip_bus_writedata                    0x0800479d   Thumb Code     4  wizchip_conf.o(.text.wizchip_bus_writedata)
    wizchip_cris_enter                       0x080047a1   Thumb Code     2  wizchip_conf.o(.text.wizchip_cris_enter)
    wizchip_cris_exit                        0x080047a5   Thumb Code     2  wizchip_conf.o(.text.wizchip_cris_exit)
    wizchip_cs_deselect                      0x080047a9   Thumb Code     2  wizchip_conf.o(.text.wizchip_cs_deselect)
    wizchip_cs_select                        0x080047ad   Thumb Code     2  wizchip_conf.o(.text.wizchip_cs_select)
    wizchip_init                             0x080047b1   Thumb Code   386  wizchip_conf.o(.text.wizchip_init)
    wizchip_setnetinfo                       0x08004935   Thumb Code    84  wizchip_conf.o(.text.wizchip_setnetinfo)
    wizchip_spi_readburst                    0x08004989   Thumb Code    38  wizchip_conf.o(.text.wizchip_spi_readburst)
    wizchip_spi_readbyte                     0x080049b1   Thumb Code     4  wizchip_conf.o(.text.wizchip_spi_readbyte)
    wizchip_spi_writeburst                   0x080049b5   Thumb Code    38  wizchip_conf.o(.text.wizchip_spi_writeburst)
    wizchip_spi_writebyte                    0x080049dd   Thumb Code     2  wizchip_conf.o(.text.wizchip_spi_writebyte)
    wizchip_sw_reset                         0x080049e1   Thumb Code   128  wizchip_conf.o(.text.wizchip_sw_reset)
    writeChar                                0x08004a61   Thumb Code    12  mqttpacket.o(.text.writeChar)
    writeInt                                 0x08004a6d   Thumb Code    28  mqttpacket.o(.text.writeInt)
    writeMQTTString                          0x08004a89   Thumb Code   108  mqttpacket.o(.text.writeMQTTString)
    AHBPrescTable                            0x08004af4   Data          16  system_stm32f1xx.o(.rodata.AHBPrescTable)
    Region$$Table$$Base                      0x08004b28   Number         0  anon$$obj.o(Region$$Table)
    Region$$Table$$Limit                     0x08004b48   Number         0  anon$$obj.o(Region$$Table)
    dhcp_lease_time                          0x20000000   Data           4  dhcp.o(.data..L_MergedGlobals)
    dhcp_tick_next                           0x20000004   Data           4  dhcp.o(.data..L_MergedGlobals)
    dhcp_ip_assign                           0x20000008   Data           4  dhcp.o(.data..L_MergedGlobals)
    dhcp_ip_update                           0x2000000c   Data           4  dhcp.o(.data..L_MergedGlobals)
    dhcp_ip_conflict                         0x20000010   Data           4  dhcp.o(.data..L_MergedGlobals)
    uwTickFreq                               0x20000014   Data           1  stm32f1xx_hal.o(.data..L_MergedGlobals)
    uwTickPrio                               0x20000018   Data           4  stm32f1xx_hal.o(.data..L_MergedGlobals)
    HOST_NAME                                0x2000001c   Data           8  dhcp.o(.data.HOST_NAME)
    SystemCoreClock                          0x20000024   Data           4  system_stm32f1xx.o(.data.SystemCoreClock)
    WIZCHIP                                  0x20000028   Data          44  wizchip_conf.o(.data.WIZCHIP)
    net_info                                 0x20000054   Data          23  main.o(.data.net_info)
    topic_recv                               0x2000006e   Data           9  main.o(.data.topic_recv)
    __libspace_start                         0x20000078   Data          96  libspace.o(.bss)
    __temporary_stack_top$libspace           0x200000d8   Data           0  libspace.o(.bss)
    sock_pack_info                           0x200000e2   Data           8  socket.o(.bss..L_MergedGlobals)
    dhcp_state                               0x200000fc   Data           1  dhcp.o(.bss..L_MergedGlobals.1)
    dhcp_retry_count                         0x200000fd   Data           1  dhcp.o(.bss..L_MergedGlobals.1)
    DHCP_SOCKET                              0x200000fe   Data           1  dhcp.o(.bss..L_MergedGlobals.1)
    OLD_allocated_ip                         0x200000ff   Data           4  dhcp.o(.bss..L_MergedGlobals.1)
    DHCP_allocated_ip                        0x20000104   Data           4  dhcp.o(.bss..L_MergedGlobals.1)
    DHCP_allocated_gw                        0x20000108   Data           4  dhcp.o(.bss..L_MergedGlobals.1)
    DHCP_allocated_sn                        0x2000010c   Data           4  dhcp.o(.bss..L_MergedGlobals.1)
    DHCP_allocated_dns                       0x20000110   Data           4  dhcp.o(.bss..L_MergedGlobals.1)
    dhcp_tick_1s                             0x20000114   Data           4  dhcp.o(.bss..L_MergedGlobals.1)
    pDHCPMSG                                 0x20000118   Data           4  dhcp.o(.bss..L_MergedGlobals.1)
    DHCP_XID                                 0x2000011c   Data           4  dhcp.o(.bss..L_MergedGlobals.1)
    DHCP_SIP                                 0x20000120   Data           4  dhcp.o(.bss..L_MergedGlobals.1)
    DHCP_REAL_SIP                            0x20000124   Data           4  dhcp.o(.bss..L_MergedGlobals.1)
    DHCP_CHADDR                              0x20000128   Data           6  dhcp.o(.bss..L_MergedGlobals.1)
    tcp_socket                               0x20000130   Data           1  main.o(.bss..L_MergedGlobals.8)
    dem                                      0x20000134   Data           4  main.o(.bss..L_MergedGlobals.8)
    server_ip                                0x20000138   Data           4  main.o(.bss..L_MergedGlobals.8)
    i                                        0x2000013c   Data           4  main.o(.bss..L_MergedGlobals.8)
    rep                                      0x20000140   Data          10  main.o(.bss..L_MergedGlobals.8)
    network                                  0x2000014c   Data          16  main.o(.bss..L_MergedGlobals.8)
    check                                    0x2000015c   Data          24  main.o(.bss..L_MergedGlobals.8)
    MilliTimer                               0x20000174   Data           4  mqtt_interface.o(.bss.MilliTimer)
    client                                   0x2000017c   Data          92  main.o(.bss.client)
    dhcp_buffer                              0x200001d8   Data        1024  main.o(.bss.dhcp_buffer)
    hspi1                                    0x200005d8   Data          88  main.o(.bss.hspi1)
    ip_assigned                              0x20000630   Data           1  main.o(.bss.ip_assigned)
    rx_data                                  0x20000631   Data         256  main.o(.bss.rx_data)
    uwTick                                   0x20000734   Data           4  stm32f1xx_hal.o(.bss.uwTick)



==============================================================================

Memory Map of the image

  Image Entry point : 0x080000ed

  Load Region LR_IROM1 (Base: 0x08000000, Size: 0x00004bc0, Max: 0x00010000, ABSOLUTE)

    Execution Region ER_IROM1 (Exec base: 0x08000000, Load base: 0x08000000, Size: 0x00004b48, Max: 0x00010000, ABSOLUTE)

    Exec Addr    Load Addr    Size         Type   Attr      Idx    E Section Name        Object

    0x08000000   0x08000000   0x000000ec   Data   RO            3    RESET               startup_stm32f103xb.o
    0x080000ec   0x080000ec   0x00000008   Code   RO         1270  * !!!main             c_w.l(__main.o)
    0x080000f4   0x080000f4   0x00000034   Code   RO         1644    !!!scatter          c_w.l(__scatter.o)
    0x08000128   0x08000128   0x0000001a   Code   RO         1646    !!handler_copy      c_w.l(__scatter_copy.o)
    0x08000142   0x08000142   0x00000002   PAD
    0x08000144   0x08000144   0x0000001c   Code   RO         1648    !!handler_zi        c_w.l(__scatter_zi.o)
    0x08000160   0x08000160   0x00000000   Code   RO         1234    .ARM.Collect$$_printf_percent$$00000000  c_w.l(_printf_percent.o)
    0x08000160   0x08000160   0x00000006   Code   RO         1233    .ARM.Collect$$_printf_percent$$00000009  c_w.l(_printf_d.o)
    0x08000166   0x08000166   0x00000004   Code   RO         1355    .ARM.Collect$$_printf_percent$$00000017  c_w.l(_printf_percent_end.o)
    0x0800016a   0x0800016a   0x00000002   Code   RO         1567    .ARM.Collect$$libinit$$00000000  c_w.l(libinit.o)
    0x0800016c   0x0800016c   0x00000000   Code   RO         1375    .ARM.Collect$$libinit$$00000002  c_w.l(libinit2.o)
    0x0800016c   0x0800016c   0x00000000   Code   RO         1377    .ARM.Collect$$libinit$$00000004  c_w.l(libinit2.o)
    0x0800016c   0x0800016c   0x00000000   Code   RO         1380    .ARM.Collect$$libinit$$0000000A  c_w.l(libinit2.o)
    0x0800016c   0x0800016c   0x00000000   Code   RO         1382    .ARM.Collect$$libinit$$0000000C  c_w.l(libinit2.o)
    0x0800016c   0x0800016c   0x00000000   Code   RO         1384    .ARM.Collect$$libinit$$0000000E  c_w.l(libinit2.o)
    0x0800016c   0x0800016c   0x00000000   Code   RO         1387    .ARM.Collect$$libinit$$00000011  c_w.l(libinit2.o)
    0x0800016c   0x0800016c   0x00000000   Code   RO         1389    .ARM.Collect$$libinit$$00000013  c_w.l(libinit2.o)
    0x0800016c   0x0800016c   0x00000000   Code   RO         1391    .ARM.Collect$$libinit$$00000015  c_w.l(libinit2.o)
    0x0800016c   0x0800016c   0x00000000   Code   RO         1393    .ARM.Collect$$libinit$$00000017  c_w.l(libinit2.o)
    0x0800016c   0x0800016c   0x00000000   Code   RO         1395    .ARM.Collect$$libinit$$00000019  c_w.l(libinit2.o)
    0x0800016c   0x0800016c   0x00000000   Code   RO         1397    .ARM.Collect$$libinit$$0000001B  c_w.l(libinit2.o)
    0x0800016c   0x0800016c   0x00000000   Code   RO         1399    .ARM.Collect$$libinit$$0000001D  c_w.l(libinit2.o)
    0x0800016c   0x0800016c   0x00000000   Code   RO         1401    .ARM.Collect$$libinit$$0000001F  c_w.l(libinit2.o)
    0x0800016c   0x0800016c   0x00000000   Code   RO         1403    .ARM.Collect$$libinit$$00000021  c_w.l(libinit2.o)
    0x0800016c   0x0800016c   0x00000000   Code   RO         1405    .ARM.Collect$$libinit$$00000023  c_w.l(libinit2.o)
    0x0800016c   0x0800016c   0x00000000   Code   RO         1407    .ARM.Collect$$libinit$$00000025  c_w.l(libinit2.o)
    0x0800016c   0x0800016c   0x00000000   Code   RO         1411    .ARM.Collect$$libinit$$0000002C  c_w.l(libinit2.o)
    0x0800016c   0x0800016c   0x00000000   Code   RO         1413    .ARM.Collect$$libinit$$0000002E  c_w.l(libinit2.o)
    0x0800016c   0x0800016c   0x00000000   Code   RO         1415    .ARM.Collect$$libinit$$00000030  c_w.l(libinit2.o)
    0x0800016c   0x0800016c   0x00000000   Code   RO         1417    .ARM.Collect$$libinit$$00000032  c_w.l(libinit2.o)
    0x0800016c   0x0800016c   0x00000002   Code   RO         1418    .ARM.Collect$$libinit$$00000033  c_w.l(libinit2.o)
    0x0800016e   0x0800016e   0x00000002   Code   RO         1641    .ARM.Collect$$libshutdown$$00000000  c_w.l(libshutdown.o)
    0x08000170   0x08000170   0x00000000   Code   RO         1569    .ARM.Collect$$libshutdown$$00000002  c_w.l(libshutdown2.o)
    0x08000170   0x08000170   0x00000000   Code   RO         1571    .ARM.Collect$$libshutdown$$00000004  c_w.l(libshutdown2.o)
    0x08000170   0x08000170   0x00000000   Code   RO         1574    .ARM.Collect$$libshutdown$$00000007  c_w.l(libshutdown2.o)
    0x08000170   0x08000170   0x00000000   Code   RO         1577    .ARM.Collect$$libshutdown$$0000000A  c_w.l(libshutdown2.o)
    0x08000170   0x08000170   0x00000000   Code   RO         1579    .ARM.Collect$$libshutdown$$0000000C  c_w.l(libshutdown2.o)
    0x08000170   0x08000170   0x00000000   Code   RO         1582    .ARM.Collect$$libshutdown$$0000000F  c_w.l(libshutdown2.o)
    0x08000170   0x08000170   0x00000002   Code   RO         1583    .ARM.Collect$$libshutdown$$00000010  c_w.l(libshutdown2.o)
    0x08000172   0x08000172   0x00000000   Code   RO         1310    .ARM.Collect$$rtentry$$00000000  c_w.l(__rtentry.o)
    0x08000172   0x08000172   0x00000000   Code   RO         1444    .ARM.Collect$$rtentry$$00000002  c_w.l(__rtentry2.o)
    0x08000172   0x08000172   0x00000006   Code   RO         1456    .ARM.Collect$$rtentry$$00000004  c_w.l(__rtentry4.o)
    0x08000178   0x08000178   0x00000000   Code   RO         1446    .ARM.Collect$$rtentry$$00000009  c_w.l(__rtentry2.o)
    0x08000178   0x08000178   0x00000004   Code   RO         1447    .ARM.Collect$$rtentry$$0000000A  c_w.l(__rtentry2.o)
    0x0800017c   0x0800017c   0x00000000   Code   RO         1449    .ARM.Collect$$rtentry$$0000000C  c_w.l(__rtentry2.o)
    0x0800017c   0x0800017c   0x00000008   Code   RO         1450    .ARM.Collect$$rtentry$$0000000D  c_w.l(__rtentry2.o)
    0x08000184   0x08000184   0x00000002   Code   RO         1588    .ARM.Collect$$rtexit$$00000000  c_w.l(rtexit.o)
    0x08000186   0x08000186   0x00000000   Code   RO         1615    .ARM.Collect$$rtexit$$00000002  c_w.l(rtexit2.o)
    0x08000186   0x08000186   0x00000004   Code   RO         1616    .ARM.Collect$$rtexit$$00000003  c_w.l(rtexit2.o)
    0x0800018a   0x0800018a   0x00000006   Code   RO         1617    .ARM.Collect$$rtexit$$00000004  c_w.l(rtexit2.o)
    0x08000190   0x08000190   0x00000040   Code   RO            4    .text               startup_stm32f103xb.o
    0x080001d0   0x080001d0   0x00000078   Code   RO         1210    .text               c_w.l(_printf_dec.o)
    0x08000248   0x08000248   0x0000003e   Code   RO         1250    .text               c_w.l(strlen.o)
    0x08000286   0x08000286   0x00000096   Code   RO         1252    .text               c_w.l(strncmp.o)
    0x0800031c   0x0800031c   0x0000008a   Code   RO         1256    .text               c_w.l(rt_memcpy_v6.o)
    0x080003a6   0x080003a6   0x00000064   Code   RO         1258    .text               c_w.l(rt_memcpy_w.o)
    0x0800040a   0x0800040a   0x00000044   Code   RO         1260    .text               c_w.l(rt_memclr.o)
    0x0800044e   0x0800044e   0x0000004e   Code   RO         1262    .text               c_w.l(rt_memclr_w.o)
    0x0800049c   0x0800049c   0x00000006   Code   RO         1268    .text               c_w.l(heapauxi.o)
    0x080004a2   0x080004a2   0x000000b2   Code   RO         1345    .text               c_w.l(_printf_intcommon.o)
    0x08000554   0x08000554   0x00000008   Code   RO         1440    .text               c_w.l(libspace.o)
    0x0800055c   0x0800055c   0x00000002   Code   RO         1506    .text               c_w.l(use_no_semi.o)
    0x0800055e   0x0800055e   0x00000000   Code   RO         1508    .text               c_w.l(indicate_semi.o)
    0x0800055e   0x0800055e   0x0000004a   Code   RO         1509    .text               c_w.l(sys_stackheap_outer.o)
    0x080005a8   0x080005a8   0x00000012   Code   RO         1546    .text               c_w.l(exit.o)
    0x080005ba   0x080005ba   0x00000002   PAD
    0x080005bc   0x080005bc   0x0000000c   Code   RO         1584    .text               c_w.l(sys_exit.o)
    0x080005c8   0x080005c8   0x00000002   Code   RO          634    .text.BusFault_Handler  stm32f1xx_it.o
    0x080005ca   0x080005ca   0x00000002   PAD
    0x080005cc   0x080005cc   0x0000000e   Code   RO          553    .text.Callback_IPAssigned  main.o
    0x080005da   0x080005da   0x00000002   PAD
    0x080005dc   0x080005dc   0x0000000e   Code   RO          555    .text.Callback_IPConflict  main.o
    0x080005ea   0x080005ea   0x00000002   PAD
    0x080005ec   0x080005ec   0x000000c0   Code   RO           41    .text.DHCP_init     dhcp.o
    0x080006ac   0x080006ac   0x00000206   Code   RO           31    .text.DHCP_run      dhcp.o
    0x080008b2   0x080008b2   0x00000002   PAD
    0x080008b4   0x080008b4   0x00000002   Code   RO          640    .text.DebugMon_Handler  stm32f1xx_it.o
    0x080008b6   0x080008b6   0x00000002   PAD
    0x080008b8   0x080008b8   0x0000020e   Code   RO          905    .text.HAL_GPIO_Init  stm32f1xx_hal_gpio.o
    0x08000ac6   0x08000ac6   0x00000002   PAD
    0x08000ac8   0x08000ac8   0x0000000a   Code   RO          911    .text.HAL_GPIO_WritePin  stm32f1xx_hal_gpio.o
    0x08000ad2   0x08000ad2   0x00000002   PAD
    0x08000ad4   0x08000ad4   0x0000000c   Code   RO          805    .text.HAL_GetTick   stm32f1xx_hal.o
    0x08000ae0   0x08000ae0   0x0000001a   Code   RO          803    .text.HAL_IncTick   stm32f1xx_hal.o
    0x08000afa   0x08000afa   0x00000002   PAD
    0x08000afc   0x08000afc   0x00000026   Code   RO          793    .text.HAL_Init      stm32f1xx_hal.o
    0x08000b22   0x08000b22   0x00000002   PAD
    0x08000b24   0x08000b24   0x00000048   Code   RO          795    .text.HAL_InitTick  stm32f1xx_hal.o
    0x08000b6c   0x08000b6c   0x00000042   Code   RO          653    .text.HAL_MspInit   stm32f1xx_hal_msp.o
    0x08000bae   0x08000bae   0x00000002   PAD
    0x08000bb0   0x08000bb0   0x00000056   Code   RO          963    .text.HAL_NVIC_SetPriority  stm32f1xx_hal_cortex.o
    0x08000c06   0x08000c06   0x00000002   PAD
    0x08000c08   0x08000c08   0x00000020   Code   RO          961    .text.HAL_NVIC_SetPriorityGrouping  stm32f1xx_hal_cortex.o
    0x08000c28   0x08000c28   0x000001b4   Code   RO          857    .text.HAL_RCC_ClockConfig  stm32f1xx_hal_rcc.o
    0x08000ddc   0x08000ddc   0x0000039c   Code   RO          855    .text.HAL_RCC_OscConfig  stm32f1xx_hal_rcc.o
    0x08001178   0x08001178   0x000000b4   Code   RO          681    .text.HAL_SPI_Init  stm32f1xx_hal_spi.o
    0x0800122c   0x0800122c   0x0000007a   Code   RO          655    .text.HAL_SPI_MspInit  stm32f1xx_hal_msp.o
    0x080012a6   0x080012a6   0x00000002   PAD
    0x080012a8   0x080012a8   0x000001fe   Code   RO          691    .text.HAL_SPI_Receive  stm32f1xx_hal_spi.o
    0x080014a6   0x080014a6   0x00000002   PAD
    0x080014a8   0x080014a8   0x000001f6   Code   RO          689    .text.HAL_SPI_Transmit  stm32f1xx_hal_spi.o
    0x0800169e   0x0800169e   0x00000002   PAD
    0x080016a0   0x080016a0   0x000002cc   Code   RO          693    .text.HAL_SPI_TransmitReceive  stm32f1xx_hal_spi.o
    0x0800196c   0x0800196c   0x0000002c   Code   RO          973    .text.HAL_SYSTICK_Config  stm32f1xx_hal_cortex.o
    0x08001998   0x08001998   0x00000002   Code   RO          630    .text.HardFault_Handler  stm32f1xx_it.o
    0x0800199a   0x0800199a   0x00000002   PAD
    0x0800199c   0x0800199c   0x0000003e   Code   RO          451    .text.MQTTDeserialize_ack  mqttdeserializepublish.o
    0x080019da   0x080019da   0x00000002   PAD
    0x080019dc   0x080019dc   0x00000086   Code   RO          449    .text.MQTTDeserialize_publish  mqttdeserializepublish.o
    0x08001a62   0x08001a62   0x00000002   PAD
    0x08001a64   0x08001a64   0x00000086   Code   RO          394    .text.MQTTPacket_decodeBuf  mqttpacket.o
    0x08001aea   0x08001aea   0x00000002   PAD
    0x08001aec   0x08001aec   0x00000036   Code   RO          386    .text.MQTTPacket_encode  mqttpacket.o
    0x08001b22   0x08001b22   0x00000002   PAD
    0x08001b24   0x08001b24   0x00000036   Code   RO          414    .text.MQTTPacket_equals  mqttpacket.o
    0x08001b5a   0x08001b5a   0x00000002   PAD
    0x08001b5c   0x08001b5c   0x0000002c   Code   RO          390    .text.MQTTPacket_len  mqttpacket.o
    0x08001b88   0x08001b88   0x00000178   Code   RO          342    .text.MQTTPublish   mqttclient.o
    0x08001d00   0x08001d00   0x00000054   Code   RO          433    .text.MQTTSerialize_ack  mqttserializepublish.o
    0x08001d54   0x08001d54   0x00000030   Code   RO          499    .text.MQTTSerialize_pingreq  mqttconnectclient.o
    0x08001d84   0x08001d84   0x000000a6   Code   RO          431    .text.MQTTSerialize_publish  mqttserializepublish.o
    0x08001e2a   0x08001e2a   0x00000002   PAD
    0x08001e2c   0x08001e2c   0x0000000c   Code   RO          412    .text.MQTTstrlen    mqttpacket.o
    0x08001e38   0x08001e38   0x00000002   Code   RO          632    .text.MemManage_Handler  stm32f1xx_it.o
    0x08001e3a   0x08001e3a   0x00000002   PAD
    0x08001e3c   0x08001e3c   0x00000002   Code   RO          628    .text.NMI_Handler   stm32f1xx_it.o
    0x08001e3e   0x08001e3e   0x00000002   PAD
    0x08001e40   0x08001e40   0x00000002   Code   RO          642    .text.PendSV_Handler  stm32f1xx_it.o
    0x08001e42   0x08001e42   0x00000002   PAD
    0x08001e44   0x08001e44   0x00000120   Code   RO          783    .text.SPI_WaitFlagStateUntilTimeout  stm32f1xx_hal_spi.o
    0x08001f64   0x08001f64   0x00000002   Code   RO          638    .text.SVC_Handler   stm32f1xx_it.o
    0x08001f66   0x08001f66   0x00000002   PAD
    0x08001f68   0x08001f68   0x00000004   Code   RO          644    .text.SysTick_Handler  stm32f1xx_it.o
    0x08001f6c   0x08001f6c   0x00000002   Code   RO         1126    .text.SystemInit    system_stm32f1xx.o
    0x08001f6e   0x08001f6e   0x00000002   PAD
    0x08001f70   0x08001f70   0x00000016   Code   RO          363    .text.TimerCountdown  mqtt_interface.o
    0x08001f86   0x08001f86   0x00000002   PAD
    0x08001f88   0x08001f88   0x00000010   Code   RO          361    .text.TimerCountdownMS  mqtt_interface.o
    0x08001f98   0x08001f98   0x00000006   Code   RO          357    .text.TimerInit     mqtt_interface.o
    0x08001f9e   0x08001f9e   0x00000002   PAD
    0x08001fa0   0x08001fa0   0x00000012   Code   RO          359    .text.TimerIsExpired  mqtt_interface.o
    0x08001fb2   0x08001fb2   0x00000002   PAD
    0x08001fb4   0x08001fb4   0x00000014   Code   RO          365    .text.TimerLeftMS   mqtt_interface.o
    0x08001fc8   0x08001fc8   0x00000064   Code   RO          585    .text.USART1_IRQHandler  main.o
    0x0800202c   0x0800202c   0x00000002   Code   RO          636    .text.UsageFault_Handler  stm32f1xx_it.o
    0x0800202e   0x0800202e   0x00000002   PAD
    0x08002030   0x08002030   0x000000d0   Code   RO          557    .text.W5500Init     main.o
    0x08002100   0x08002100   0x00000062   Code   RO          156    .text.WIZCHIP_READ  w5500.o
    0x08002162   0x08002162   0x00000002   PAD
    0x08002164   0x08002164   0x00000078   Code   RO          160    .text.WIZCHIP_READ_BUF  w5500.o
    0x080021dc   0x080021dc   0x00000064   Code   RO          158    .text.WIZCHIP_WRITE  w5500.o
    0x08002240   0x08002240   0x0000007e   Code   RO          162    .text.WIZCHIP_WRITE_BUF  w5500.o
    0x080022be   0x080022be   0x00000002   PAD
    0x080022c0   0x080022c0   0x00000088   Code   RO           33    .text.check_DHCP_timeout  dhcp.o
    0x08002348   0x08002348   0x00000202   Code   RO          328    .text.cycle         mqttclient.o
    0x0800254a   0x0800254a   0x00000002   PAD
    0x0800254c   0x0800254c   0x00000038   Code   RO           11    .text.default_ip_assign  dhcp.o
    0x08002584   0x08002584   0x0000002a   Code   RO           15    .text.default_ip_conflict  dhcp.o
    0x080025ae   0x080025ae   0x00000002   PAD
    0x080025b0   0x080025b0   0x00000054   Code   RO           13    .text.default_ip_update  dhcp.o
    0x08002604   0x08002604   0x00000414   Code   RO          324    .text.deliverMessage  mqttclient.o
    0x08002a18   0x08002a18   0x0000001a   Code   RO           47    .text.getGWfromDHCP  dhcp.o
    0x08002a32   0x08002a32   0x00000002   PAD
    0x08002a34   0x08002a34   0x0000001a   Code   RO           45    .text.getIPfromDHCP  dhcp.o
    0x08002a4e   0x08002a4e   0x00000002   PAD
    0x08002a50   0x08002a50   0x0000001a   Code   RO           49    .text.getSNfromDHCP  dhcp.o
    0x08002a6a   0x08002a6a   0x00000002   PAD
    0x08002a6c   0x08002a6c   0x0000017a   Code   RO          166    .text.getSn_RX_RSR  w5500.o
    0x08002be6   0x08002be6   0x00000002   PAD
    0x08002be8   0x08002be8   0x000001d2   Code   RO          164    .text.getSn_TX_FSR  w5500.o
    0x08002dba   0x08002dba   0x00000002   PAD
    0x08002dbc   0x08002dbc   0x000000a0   Code   RO          326    .text.keepalive     mqttclient.o
    0x08002e5c   0x08002e5c   0x0000013a   Code   RO          587    .text.main          main.o
    0x08002f96   0x08002f96   0x00000002   PAD
    0x08002f98   0x08002f98   0x000001b0   Code   RO           19    .text.makeDHCPMSG   dhcp.o
    0x08003148   0x08003148   0x00000202   Code   RO           29    .text.parseDHCPMSG  dhcp.o
    0x0800334a   0x0800334a   0x00000002   PAD
    0x0800334c   0x0800334c   0x0000000c   Code   RO          398    .text.readChar      mqttpacket.o
    0x08003358   0x08003358   0x00000010   Code   RO          396    .text.readInt       mqttpacket.o
    0x08003368   0x08003368   0x00000042   Code   RO          410    .text.readMQTTLenString  mqttpacket.o
    0x080033aa   0x080033aa   0x00000002   PAD
    0x080033ac   0x080033ac   0x00000284   Code   RO          302    .text.recvfrom_IO_6  socket.o
    0x08003630   0x08003630   0x00000004   Code   RO          300    .text.recvfrom_W5x00  socket.o
    0x08003634   0x08003634   0x0000003c   Code   RO           17    .text.reg_dhcp_cbfunc  dhcp.o
    0x08003670   0x08003670   0x00000038   Code   RO          212    .text.reg_wizchip_cs_cbfunc  wizchip_conf.o
    0x080036a8   0x080036a8   0x00000042   Code   RO          218    .text.reg_wizchip_spi_cbfunc  wizchip_conf.o
    0x080036ea   0x080036ea   0x00000002   PAD
    0x080036ec   0x080036ec   0x00000042   Code   RO          220    .text.reg_wizchip_spiburst_cbfunc  wizchip_conf.o
    0x0800372e   0x0800372e   0x00000002   PAD
    0x08003730   0x08003730   0x000000d8   Code   RO           27    .text.send_DHCP_DECLINE  dhcp.o
    0x08003808   0x08003808   0x0000029e   Code   RO           21    .text.send_DHCP_DISCOVER  dhcp.o
    0x08003aa6   0x08003aa6   0x00000002   PAD
    0x08003aa8   0x08003aa8   0x00000364   Code   RO           25    .text.send_DHCP_REQUEST  dhcp.o
    0x08003e0c   0x08003e0c   0x000001ee   Code   RO          296    .text.sendto_IO_6   socket.o
    0x08003ffa   0x08003ffa   0x00000002   PAD
    0x08003ffc   0x08003ffc   0x00000018   Code   RO          294    .text.sendto_W5x00  socket.o
    0x08004014   0x08004014   0x000001a8   Code   RO          276    .text.socket        socket.o
    0x080041bc   0x080041bc   0x000001f0   Code   RO          170    .text.wiz_recv_data  w5500.o
    0x080043ac   0x080043ac   0x0000016a   Code   RO          172    .text.wiz_recv_ignore  w5500.o
    0x08004516   0x08004516   0x00000002   PAD
    0x08004518   0x08004518   0x000001f0   Code   RO          168    .text.wiz_send_data  w5500.o
    0x08004708   0x08004708   0x00000014   Code   RO          545    .text.wizchipReadBurst  main.o
    0x0800471c   0x0800471c   0x00000022   Code   RO          549    .text.wizchipReadByte  main.o
    0x0800473e   0x0800473e   0x00000002   PAD
    0x08004740   0x08004740   0x00000010   Code   RO          541    .text.wizchipSelect  main.o
    0x08004750   0x08004750   0x00000010   Code   RO          543    .text.wizchipUnselect  main.o
    0x08004760   0x08004760   0x00000014   Code   RO          547    .text.wizchipWriteBurst  main.o
    0x08004774   0x08004774   0x00000022   Code   RO          551    .text.wizchipWriteByte  main.o
    0x08004796   0x08004796   0x00000002   PAD
    0x08004798   0x08004798   0x00000004   Code   RO          190    .text.wizchip_bus_readdata  wizchip_conf.o
    0x0800479c   0x0800479c   0x00000004   Code   RO          192    .text.wizchip_bus_writedata  wizchip_conf.o
    0x080047a0   0x080047a0   0x00000002   Code   RO          182    .text.wizchip_cris_enter  wizchip_conf.o
    0x080047a2   0x080047a2   0x00000002   PAD
    0x080047a4   0x080047a4   0x00000002   Code   RO          184    .text.wizchip_cris_exit  wizchip_conf.o
    0x080047a6   0x080047a6   0x00000002   PAD
    0x080047a8   0x080047a8   0x00000002   Code   RO          188    .text.wizchip_cs_deselect  wizchip_conf.o
    0x080047aa   0x080047aa   0x00000002   PAD
    0x080047ac   0x080047ac   0x00000002   Code   RO          186    .text.wizchip_cs_select  wizchip_conf.o
    0x080047ae   0x080047ae   0x00000002   PAD
    0x080047b0   0x080047b0   0x00000182   Code   RO          228    .text.wizchip_init  wizchip_conf.o
    0x08004932   0x08004932   0x00000002   PAD
    0x08004934   0x08004934   0x00000054   Code   RO          254    .text.wizchip_setnetinfo  wizchip_conf.o
    0x08004988   0x08004988   0x00000026   Code   RO          202    .text.wizchip_spi_readburst  wizchip_conf.o
    0x080049ae   0x080049ae   0x00000002   PAD
    0x080049b0   0x080049b0   0x00000004   Code   RO          198    .text.wizchip_spi_readbyte  wizchip_conf.o
    0x080049b4   0x080049b4   0x00000026   Code   RO          204    .text.wizchip_spi_writeburst  wizchip_conf.o
    0x080049da   0x080049da   0x00000002   PAD
    0x080049dc   0x080049dc   0x00000002   Code   RO          200    .text.wizchip_spi_writebyte  wizchip_conf.o
    0x080049de   0x080049de   0x00000002   PAD
    0x080049e0   0x080049e0   0x00000080   Code   RO          226    .text.wizchip_sw_reset  wizchip_conf.o
    0x08004a60   0x08004a60   0x0000000c   Code   RO          400    .text.writeChar     mqttpacket.o
    0x08004a6c   0x08004a6c   0x0000001c   Code   RO          402    .text.writeInt      mqttpacket.o
    0x08004a88   0x08004a88   0x0000006c   Code   RO          408    .text.writeMQTTString  mqttpacket.o
    0x08004af4   0x08004af4   0x00000010   Data   RO         1131    .rodata.AHBPrescTable  system_stm32f1xx.o
    0x08004b04   0x08004b04   0x00000002   Data   RO          882    .rodata.HAL_RCC_GetSysClockFreq.aPredivFactorTable  stm32f1xx_hal_rcc.o
    0x08004b06   0x08004b06   0x00000010   Data   RO          881    .rodata.cst16       stm32f1xx_hal_rcc.o
    0x08004b16   0x08004b16   0x00000012   Data   RO           56    .rodata.str1.1      dhcp.o
    0x08004b28   0x08004b28   0x00000020   Data   RO         1643    Region$$Table       anon$$obj.o


    Execution Region RW_IRAM1 (Exec base: 0x20000000, Load base: 0x08004b48, Size: 0x00000d38, Max: 0x00005000, ABSOLUTE)

    Exec Addr    Load Addr    Size         Type   Attr      Idx    E Section Name        Object

    0x20000000   0x08004b48   0x00000014   Data   RW           57    .data..L_MergedGlobals  dhcp.o
    0x20000014   0x08004b5c   0x00000008   Data   RW          844    .data..L_MergedGlobals  stm32f1xx_hal.o
    0x2000001c   0x08004b64   0x00000008   Data   RW           55    .data.HOST_NAME     dhcp.o
    0x20000024   0x08004b6c   0x00000004   Data   RW         1130    .data.SystemCoreClock  system_stm32f1xx.o
    0x20000028   0x08004b70   0x0000002c   Data   RW          266    .data.WIZCHIP       wizchip_conf.o
    0x20000054   0x08004b9c   0x00000017   Data   RW          597    .data.net_info      main.o
    0x2000006b   0x08004bb3   0x00000001   PAD
    0x2000006c   0x08004bb4   0x00000002   Data   RW          312    .data.sock_any_port  socket.o
    0x2000006e   0x08004bb6   0x00000009   Data   RW          595    .data.topic_recv    main.o
    0x20000077   0x08004bbf   0x00000001   PAD
    0x20000078        -       0x00000060   Zero   RW         1441    .bss                c_w.l(libspace.o)
    0x200000d8        -       0x00000005   Zero   RW          267    .bss..L_MergedGlobals  wizchip_conf.o
    0x200000dd   0x08004bbf   0x00000001   PAD
    0x200000de        -       0x0000001c   Zero   RW          313    .bss..L_MergedGlobals  socket.o
    0x200000fa   0x08004bbf   0x00000002   PAD
    0x200000fc        -       0x00000032   Zero   RW           58    .bss..L_MergedGlobals.1  dhcp.o
    0x2000012e   0x08004bbf   0x00000002   PAD
    0x20000130        -       0x00000044   Zero   RW          619    .bss..L_MergedGlobals.8  main.o
    0x20000174        -       0x00000004   Zero   RW          377    .bss.MilliTimer     mqtt_interface.o
    0x20000178        -       0x00000004   Zero   RW          420    .bss.bufptr         mqttpacket.o
    0x2000017c        -       0x0000005c   Zero   RW          602    .bss.client         main.o
    0x200001d8        -       0x00000400   Zero   RW          600    .bss.dhcp_buffer    main.o
    0x200005d8        -       0x00000058   Zero   RW          598    .bss.hspi1          main.o
    0x20000630        -       0x00000001   Zero   RW          599    .bss.ip_assigned    main.o
    0x20000631        -       0x00000100   Zero   RW          609    .bss.rx_data        main.o
    0x20000731   0x08004bbf   0x00000003   PAD
    0x20000734        -       0x00000004   Zero   RW          843    .bss.uwTick         stm32f1xx_hal.o
    0x20000738        -       0x00000200   Zero   RW            2    HEAP                startup_stm32f103xb.o
    0x20000938        -       0x00000400   Zero   RW            1    STACK               startup_stm32f103xb.o


==============================================================================

Image component sizes


      Code (inc. data)   RO Data    RW Data    ZI Data      Debug   Object Name

      3866         62         18         28         50      13189   dhcp.o
       790         12          0         32       1529      15214   main.o
        82          0          0          0          4       3071   mqtt_interface.o
      2094          0          0          0          0      19232   mqttclient.o
        48          0          0          0          0       6008   mqttconnectclient.o
       196          0          0          0          0       2994   mqttdeserializepublish.o
       540          0          0          0          4       9504   mqttpacket.o
       250          0          0          0          0       5692   mqttserializepublish.o
      1590          0          0          2         28      11676   socket.o
        64         26        236          0       1536        772   startup_stm32f103xb.o
       148          0          0          8          4       5720   stm32f1xx_hal.o
       162          0          0          0          0       8302   stm32f1xx_hal_cortex.o
       536         20          0          0          0       4688   stm32f1xx_hal_gpio.o
       188          0          0          0          0       4290   stm32f1xx_hal_msp.o
      1360          0         18          0          0       7652   stm32f1xx_hal_rcc.o
      2196          0          0          0          0      22875   stm32f1xx_hal_spi.o
        20          0          0          0          0        998   stm32f1xx_it.o
         2          0         16          4          0       1576   system_stm32f1xx.o
      2642          0          0          0          0       8889   w5500.o
       884          0          0         44          5      15555   wizchip_conf.o

    ----------------------------------------------------------------------
     17772        120        320        120       3168     167897   Object Totals
         0          0         32          0          0          0   (incl. Generated)
       114          0          0          2          8          0   (incl. Padding)

    ----------------------------------------------------------------------

      Code (inc. data)   RO Data    RW Data    ZI Data      Debug   Library Member Name

         8          0          0          0          0         68   __main.o
         0          0          0          0          0          0   __rtentry.o
        12          0          0          0          0          0   __rtentry2.o
         6          0          0          0          0          0   __rtentry4.o
        52          8          0          0          0          0   __scatter.o
        26          0          0          0          0          0   __scatter_copy.o
        28          0          0          0          0          0   __scatter_zi.o
         6          0          0          0          0          0   _printf_d.o
       120         16          0          0          0         92   _printf_dec.o
       178          0          0          0          0         88   _printf_intcommon.o
         0          0          0          0          0          0   _printf_percent.o
         4          0          0          0          0          0   _printf_percent_end.o
        18          0          0          0          0         80   exit.o
         6          0          0          0          0        152   heapauxi.o
         0          0          0          0          0          0   indicate_semi.o
         2          0          0          0          0          0   libinit.o
         2          0          0          0          0          0   libinit2.o
         2          0          0          0          0          0   libshutdown.o
         2          0          0          0          0          0   libshutdown2.o
         8          4          0          0         96         68   libspace.o
        68          0          0          0          0         68   rt_memclr.o
        78          0          0          0          0         80   rt_memclr_w.o
       138          0          0          0          0         68   rt_memcpy_v6.o
       100          0          0          0          0         80   rt_memcpy_w.o
         2          0          0          0          0          0   rtexit.o
        10          0          0          0          0          0   rtexit2.o
        62          0          0          0          0         76   strlen.o
       150          0          0          0          0         80   strncmp.o
        12          4          0          0          0         68   sys_exit.o
        74          0          0          0          0         80   sys_stackheap_outer.o
         2          0          0          0          0         68   use_no_semi.o

    ----------------------------------------------------------------------
      1180         32          0          0         96       1216   Library Totals
         4          0          0          0          0          0   (incl. Padding)

    ----------------------------------------------------------------------

      Code (inc. data)   RO Data    RW Data    ZI Data      Debug   Library Name

      1176         32          0          0         96       1216   c_w.l

    ----------------------------------------------------------------------
      1180         32          0          0         96       1216   Library Totals

    ----------------------------------------------------------------------

==============================================================================


      Code (inc. data)   RO Data    RW Data    ZI Data      Debug   

     18952        152        320        120       3264     168301   Grand Totals
     18952        152        320        120       3264     168301   ELF Image Totals
     18952        152        320        120          0          0   ROM Totals

==============================================================================

    Total RO  Size (Code + RO Data)                19272 (  18.82kB)
    Total RW  Size (RW Data + ZI Data)              3384 (   3.30kB)
    Total ROM Size (Code + RO Data + RW Data)      19392 (  18.94kB)

==============================================================================

